Archive member included to satisfy reference by file (symbol)

/usr/lib/gcc/arm-none-eabi/10.3.1/thumb/v6-m/nofp/libgcc.a(_dvmd_tls.o)
                              CMakeFiles/four_motor_drive.dir/mnt/c/Users/Mark/Documents/pico/pico-sdk/src/rp2_common/pico_divider/divider.S.obj (__aeabi_idiv0)
/usr/lib/gcc/arm-none-eabi/10.3.1/../../../arm-none-eabi/lib/thumb/v6-m/nofp/libg.a(lib_a-atexit.o)
                              /usr/lib/gcc/arm-none-eabi/10.3.1/../../../arm-none-eabi/lib/thumb/v6-m/nofp/crt0.o (atexit)
/usr/lib/gcc/arm-none-eabi/10.3.1/../../../arm-none-eabi/lib/thumb/v6-m/nofp/libg.a(lib_a-calloc.o)
                              CMakeFiles/four_motor_drive.dir/mnt/c/Users/Mark/Documents/pico/pico-sdk/src/rp2_common/pico_malloc/pico_malloc.c.obj (calloc)
/usr/lib/gcc/arm-none-eabi/10.3.1/../../../arm-none-eabi/lib/thumb/v6-m/nofp/libg.a(lib_a-callocr.o)
                              /usr/lib/gcc/arm-none-eabi/10.3.1/../../../arm-none-eabi/lib/thumb/v6-m/nofp/libg.a(lib_a-calloc.o) (_calloc_r)
/usr/lib/gcc/arm-none-eabi/10.3.1/../../../arm-none-eabi/lib/thumb/v6-m/nofp/libg.a(lib_a-fini.o)
                              /usr/lib/gcc/arm-none-eabi/10.3.1/../../../arm-none-eabi/lib/thumb/v6-m/nofp/crt0.o (__libc_fini_array)
/usr/lib/gcc/arm-none-eabi/10.3.1/../../../arm-none-eabi/lib/thumb/v6-m/nofp/libg.a(lib_a-impure.o)
                              /usr/lib/gcc/arm-none-eabi/10.3.1/../../../arm-none-eabi/lib/thumb/v6-m/nofp/libg.a(lib_a-calloc.o) (_impure_ptr)
/usr/lib/gcc/arm-none-eabi/10.3.1/../../../arm-none-eabi/lib/thumb/v6-m/nofp/libg.a(lib_a-init.o)
                              /usr/lib/gcc/arm-none-eabi/10.3.1/../../../arm-none-eabi/lib/thumb/v6-m/nofp/crt0.o (__libc_init_array)
/usr/lib/gcc/arm-none-eabi/10.3.1/../../../arm-none-eabi/lib/thumb/v6-m/nofp/libg.a(lib_a-malloc.o)
                              CMakeFiles/four_motor_drive.dir/mnt/c/Users/Mark/Documents/pico/pico-sdk/src/rp2_common/pico_malloc/pico_malloc.c.obj (malloc)
/usr/lib/gcc/arm-none-eabi/10.3.1/../../../arm-none-eabi/lib/thumb/v6-m/nofp/libg.a(lib_a-mallocr.o)
                              /usr/lib/gcc/arm-none-eabi/10.3.1/../../../arm-none-eabi/lib/thumb/v6-m/nofp/libg.a(lib_a-callocr.o) (_malloc_r)
/usr/lib/gcc/arm-none-eabi/10.3.1/../../../arm-none-eabi/lib/thumb/v6-m/nofp/libg.a(lib_a-mlock.o)
                              /usr/lib/gcc/arm-none-eabi/10.3.1/../../../arm-none-eabi/lib/thumb/v6-m/nofp/libg.a(lib_a-mallocr.o) (__malloc_lock)
/usr/lib/gcc/arm-none-eabi/10.3.1/../../../arm-none-eabi/lib/thumb/v6-m/nofp/libg.a(lib_a-realloc.o)
                              CMakeFiles/four_motor_drive.dir/mnt/c/Users/Mark/Documents/pico/pico-sdk/src/rp2_common/pico_malloc/pico_malloc.c.obj (realloc)
/usr/lib/gcc/arm-none-eabi/10.3.1/../../../arm-none-eabi/lib/thumb/v6-m/nofp/libg.a(lib_a-reallocr.o)
                              /usr/lib/gcc/arm-none-eabi/10.3.1/../../../arm-none-eabi/lib/thumb/v6-m/nofp/libg.a(lib_a-realloc.o) (_realloc_r)
/usr/lib/gcc/arm-none-eabi/10.3.1/../../../arm-none-eabi/lib/thumb/v6-m/nofp/libg.a(lib_a-sbrkr.o)
                              /usr/lib/gcc/arm-none-eabi/10.3.1/../../../arm-none-eabi/lib/thumb/v6-m/nofp/libg.a(lib_a-mallocr.o) (_sbrk_r)
/usr/lib/gcc/arm-none-eabi/10.3.1/../../../arm-none-eabi/lib/thumb/v6-m/nofp/libg.a(lib_a-strlen-stub.o)
                              CMakeFiles/four_motor_drive.dir/mnt/c/Users/Mark/Documents/pico/pico-sdk/src/rp2_common/pico_stdio/stdio.c.obj (strlen)
/usr/lib/gcc/arm-none-eabi/10.3.1/../../../arm-none-eabi/lib/thumb/v6-m/nofp/libg.a(lib_a-__atexit.o)
                              /usr/lib/gcc/arm-none-eabi/10.3.1/../../../arm-none-eabi/lib/thumb/v6-m/nofp/libg.a(lib_a-atexit.o) (__register_exitproc)
/usr/lib/gcc/arm-none-eabi/10.3.1/../../../arm-none-eabi/lib/thumb/v6-m/nofp/libg.a(lib_a-freer.o)
                              /usr/lib/gcc/arm-none-eabi/10.3.1/../../../arm-none-eabi/lib/thumb/v6-m/nofp/libg.a(lib_a-malloc.o) (_free_r)
/usr/lib/gcc/arm-none-eabi/10.3.1/../../../arm-none-eabi/lib/thumb/v6-m/nofp/libg.a(lib_a-memmove.o)
                              /usr/lib/gcc/arm-none-eabi/10.3.1/../../../arm-none-eabi/lib/thumb/v6-m/nofp/libg.a(lib_a-reallocr.o) (memmove)
/usr/lib/gcc/arm-none-eabi/10.3.1/../../../arm-none-eabi/lib/thumb/v6-m/nofp/libg.a(lib_a-reent.o)
                              /usr/lib/gcc/arm-none-eabi/10.3.1/../../../arm-none-eabi/lib/thumb/v6-m/nofp/libg.a(lib_a-sbrkr.o) (errno)

Discarded input sections

 .text          0x0000000000000000        0x0 /usr/lib/gcc/arm-none-eabi/10.3.1/thumb/v6-m/nofp/crti.o
 .data          0x0000000000000000        0x0 /usr/lib/gcc/arm-none-eabi/10.3.1/thumb/v6-m/nofp/crti.o
 .bss           0x0000000000000000        0x0 /usr/lib/gcc/arm-none-eabi/10.3.1/thumb/v6-m/nofp/crti.o
 .data          0x0000000000000000        0x4 /usr/lib/gcc/arm-none-eabi/10.3.1/thumb/v6-m/nofp/crtbegin.o
 .rodata        0x0000000000000000       0x24 /usr/lib/gcc/arm-none-eabi/10.3.1/thumb/v6-m/nofp/crtbegin.o
[...]
Memory Configuration

Name             Origin             Length             Attributes
FLASH            0x0000000010000000 0x0000000000200000 xr
RAM              0x0000000020000000 0x0000000000040000 xrw
SCRATCH_X        0x0000000020040000 0x0000000000001000 xrw
SCRATCH_Y        0x0000000020041000 0x0000000000001000 xrw
*default*        0x0000000000000000 0xffffffffffffffff

Linker script and memory map

LOAD /usr/lib/gcc/arm-none-eabi/10.3.1/thumb/v6-m/nofp/crti.o
LOAD /usr/lib/gcc/arm-none-eabi/10.3.1/thumb/v6-m/nofp/crtbegin.o
LOAD /usr/lib/gcc/arm-none-eabi/10.3.1/../../../arm-none-eabi/lib/thumb/v6-m/nofp/crt0.o

.flash_begin    0x0000000010000000        0x0
                0x0000000010000000                __flash_binary_start = .

.boot2          0x0000000010000000      0x100
                0x0000000010000000                __boot2_start__ = .
 *(.boot2)
 .boot2         0x0000000010000000      0x100 /tmp/ccSsS9ql.o
                0x0000000010000100                __boot2_end__ = .
                0x0000000000000001                ASSERT (((__boot2_end__ - __boot2_start__) == 0x100), ERROR: Pico second stage bootloader must be 256 bytes in size)

.text           0x0000000010000100     0x45c8
                0x0000000010000100                __logical_binary_start = .
 *(.vectors)
 .vectors       0x0000000010000100       0xd4 CMakeFiles/four_motor_drive.dir/mnt/c/Users/Mark/Documents/pico/pico-sdk/src/rp2_common/pico_standard_link/crt0.S.obj
                0x0000000010000100                __vectors
                0x0000000010000100                __VECTOR_TABLE
                0x00000000100001c0                isr_invalid
                0x00000000100001c0                __default_isrs_start
                0x00000000100001c2                isr_nmi
                0x00000000100001c4                isr_hardfault
                0x00000000100001c6                isr_svcall
                0x00000000100001c8                isr_pendsv
                0x00000000100001ca                isr_systick
                0x00000000100001cc                isr_irq30
                0x00000000100001cc                __unhandled_user_irq
                0x00000000100001cc                isr_irq13
                0x00000000100001cc                isr_irq27
                0x00000000100001cc                isr_irq31
                0x00000000100001cc                isr_irq5
                0x00000000100001cc                isr_irq11
                0x00000000100001cc                isr_irq23
                0x00000000100001cc                isr_irq18
                0x00000000100001cc                isr_irq28
                0x00000000100001cc                isr_irq19
                0x00000000100001cc                isr_irq0
                0x00000000100001cc                isr_irq6
                0x00000000100001cc                isr_irq22
                0x00000000100001cc                isr_irq17
                0x00000000100001cc                isr_irq14
                0x00000000100001cc                isr_irq2
                0x00000000100001cc                isr_irq10
                0x00000000100001cc                isr_irq8
                0x00000000100001cc                isr_irq24
                0x00000000100001cc                isr_irq1
                0x00000000100001cc                isr_irq7
                0x00000000100001cc                isr_irq21
                0x00000000100001cc                isr_irq20
                0x00000000100001cc                isr_irq15
                0x00000000100001cc                isr_irq25
                0x00000000100001cc                isr_irq4
                0x00000000100001cc                isr_irq16
                0x00000000100001cc                isr_irq29
                0x00000000100001cc                isr_irq26
                0x00000000100001cc                __default_isrs_end
                0x00000000100001cc                isr_irq3
                0x00000000100001cc                isr_irq12
                0x00000000100001cc                isr_irq9
                0x00000000100001d2                unhandled_user_irq_num_in_r0
 *(.binary_info_header)
 .binary_info_header
                0x00000000100001d4       0x14 CMakeFiles/four_motor_drive.dir/mnt/c/Users/Mark/Documents/pico/pico-sdk/src/rp2_common/pico_standard_link/crt0.S.obj
                0x00000000100001e8                __binary_info_header_end = .
 *(.reset)
 .reset         0x00000000100001e8       0xa0 CMakeFiles/four_motor_drive.dir/mnt/c/Users/Mark/Documents/pico/pico-sdk/src/rp2_common/pico_standard_link/crt0.S.obj
                0x00000000100001e8                _entry_point
 .reset         0x0000000010000288       0x30 CMakeFiles/four_motor_drive.dir/mnt/c/Users/Mark/Documents/pico/pico-sdk/src/rp2_common/pico_standard_link/binary_info.c.obj
 *(.init)
 .init          0x00000000100002b8        0x4 /usr/lib/gcc/arm-none-eabi/10.3.1/thumb/v6-m/nofp/crti.o
                0x00000000100002b8                _init
 *(EXCLUDE_FILE(*libm.a: *libc.a:*lib_a-mem*.o *libgcc.a:) .text*)
 .text          0x00000000100002bc       0x98 /usr/lib/gcc/arm-none-eabi/10.3.1/thumb/v6-m/nofp/crtbegin.o
 .text.setFrequency
                0x0000000010000354      0x1b4 CMakeFiles/four_motor_drive.dir/four_motor_drive.c.obj
                0x0000000010000354                setFrequency
 .text.setMotor
                0x0000000010000508       0x68 CMakeFiles/four_motor_drive.dir/four_motor_drive.c.obj
                0x0000000010000508                setMotor
 .text.main     0x0000000010000570      0x14c CMakeFiles/four_motor_drive.dir/four_motor_drive.c.obj
                0x0000000010000570                main
 .text.gpio_set_function
                0x00000000100006bc       0x30 CMakeFiles/four_motor_drive.dir/mnt/c/Users/Mark/Documents/pico/pico-sdk/src/rp2_common/hardware_gpio/gpio.c.obj
                0x00000000100006bc                gpio_set_function
 .text.gpio_init
                0x00000000100006ec       0x16 CMakeFiles/four_motor_drive.dir/mnt/c/Users/Mark/Documents/pico/pico-sdk/src/rp2_common/hardware_gpio/gpio.c.obj
                0x00000000100006ec                gpio_init
 *fill*         0x0000000010000702        0x2 
 .text.running_on_fpga
                0x0000000010000704       0x14 CMakeFiles/four_motor_drive.dir/mnt/c/Users/Mark/Documents/pico/pico-sdk/src/rp2_common/pico_platform/platform.c.obj
                0x0000000010000704                running_on_fpga
 .text.hw_claim_lock
                0x0000000010000718       0x18 CMakeFiles/four_motor_drive.dir/mnt/c/Users/Mark/Documents/pico/pico-sdk/src/rp2_common/hardware_claim/claim.c.obj
                0x0000000010000718                hw_claim_lock
 .text.hw_claim_unlock
                0x0000000010000730       0x14 CMakeFiles/four_motor_drive.dir/mnt/c/Users/Mark/Documents/pico/pico-sdk/src/rp2_common/hardware_claim/claim.c.obj
                0x0000000010000730                hw_claim_unlock
 .text.hw_claim_or_assert
                0x0000000010000744       0x32 CMakeFiles/four_motor_drive.dir/mnt/c/Users/Mark/Documents/pico/pico-sdk/src/rp2_common/hardware_claim/claim.c.obj
                0x0000000010000744                hw_claim_or_assert
 *fill*         0x0000000010000776        0x2 
 .text.spin_locks_reset
                0x0000000010000778       0x20 CMakeFiles/four_motor_drive.dir/mnt/c/Users/Mark/Documents/pico/pico-sdk/src/rp2_common/hardware_sync/sync.c.obj
                0x0000000010000778                spin_locks_reset
 .text.next_striped_spin_lock_num
                0x0000000010000798       0x1c CMakeFiles/four_motor_drive.dir/mnt/c/Users/Mark/Documents/pico/pico-sdk/src/rp2_common/hardware_sync/sync.c.obj
                0x0000000010000798                next_striped_spin_lock_num
 .text.set_raw_irq_handler_and_unlock
                0x00000000100007b4       0x28 CMakeFiles/four_motor_drive.dir/mnt/c/Users/Mark/Documents/pico/pico-sdk/src/rp2_common/hardware_irq/irq.c.obj
 .text.make_branch
                0x00000000100007dc       0x48 CMakeFiles/four_motor_drive.dir/mnt/c/Users/Mark/Documents/pico/pico-sdk/src/rp2_common/hardware_irq/irq.c.obj
 .text.insert_branch_and_link
                0x0000000010000824       0x40 CMakeFiles/four_motor_drive.dir/mnt/c/Users/Mark/Documents/pico/pico-sdk/src/rp2_common/hardware_irq/irq.c.obj
 .text.irq_is_enabled
                0x0000000010000864       0x18 CMakeFiles/four_motor_drive.dir/mnt/c/Users/Mark/Documents/pico/pico-sdk/src/rp2_common/hardware_irq/irq.c.obj
                0x0000000010000864                irq_is_enabled
 .text.irq_set_mask_enabled
                0x000000001000087c       0x20 CMakeFiles/four_motor_drive.dir/mnt/c/Users/Mark/Documents/pico/pico-sdk/src/rp2_common/hardware_irq/irq.c.obj
                0x000000001000087c                irq_set_mask_enabled
 .text.irq_set_enabled
                0x000000001000089c        0xe CMakeFiles/four_motor_drive.dir/mnt/c/Users/Mark/Documents/pico/pico-sdk/src/rp2_common/hardware_irq/irq.c.obj
                0x000000001000089c                irq_set_enabled
 *fill*         0x00000000100008aa        0x2 
 .text.irq_get_vtable_handler
                0x00000000100008ac       0x10 CMakeFiles/four_motor_drive.dir/mnt/c/Users/Mark/Documents/pico/pico-sdk/src/rp2_common/hardware_irq/irq.c.obj
                0x00000000100008ac                irq_get_vtable_handler
 .text.irq_set_exclusive_handler
                0x00000000100008bc       0x54 CMakeFiles/four_motor_drive.dir/mnt/c/Users/Mark/Documents/pico/pico-sdk/src/rp2_common/hardware_irq/irq.c.obj
                0x00000000100008bc                irq_set_exclusive_handler
 .text.irq_remove_handler
                0x0000000010000910      0x1ac CMakeFiles/four_motor_drive.dir/mnt/c/Users/Mark/Documents/pico/pico-sdk/src/rp2_common/hardware_irq/irq.c.obj
                0x0000000010000910                irq_remove_handler
 .text.irq_add_tail_to_free_list
                0x0000000010000abc       0xf0 CMakeFiles/four_motor_drive.dir/mnt/c/Users/Mark/Documents/pico/pico-sdk/src/rp2_common/hardware_irq/irq.c.obj
                0x0000000010000abc                irq_add_tail_to_free_list
 .text.irq_init_priorities
                0x0000000010000bac       0x1c CMakeFiles/four_motor_drive.dir/mnt/c/Users/Mark/Documents/pico/pico-sdk/src/rp2_common/hardware_irq/irq.c.obj
                0x0000000010000bac                irq_init_priorities
 .text.lock_init
                0x0000000010000bc8       0x10 CMakeFiles/four_motor_drive.dir/mnt/c/Users/Mark/Documents/pico/pico-sdk/src/common/pico_sync/lock_core.c.obj
                0x0000000010000bc8                lock_init
 .text.mutex_init
                0x0000000010000bd8       0x1a CMakeFiles/four_motor_drive.dir/mnt/c/Users/Mark/Documents/pico/pico-sdk/src/common/pico_sync/mutex.c.obj
                0x0000000010000bd8                mutex_init
 .text.recursive_mutex_init
                0x0000000010000bf2       0x1e CMakeFiles/four_motor_drive.dir/mnt/c/Users/Mark/Documents/pico/pico-sdk/src/common/pico_sync/mutex.c.obj
                0x0000000010000bf2                recursive_mutex_init
 .text.alarm_pool_post_alloc_init
                0x0000000010000c10       0x40 CMakeFiles/four_motor_drive.dir/mnt/c/Users/Mark/Documents/pico/pico-sdk/src/common/pico_time/time.c.obj
 .text.sleep_until_callback
                0x0000000010000c50       0x30 CMakeFiles/four_motor_drive.dir/mnt/c/Users/Mark/Documents/pico/pico-sdk/src/common/pico_time/time.c.obj
 .text.timer_pool_entry_comparator
                0x0000000010000c80       0x7c CMakeFiles/four_motor_drive.dir/mnt/c/Users/Mark/Documents/pico/pico-sdk/src/common/pico_time/time.c.obj
                0x0000000010000c80                timer_pool_entry_comparator
 .text.ph_add_child_node
                0x0000000010000cfc       0xa4 CMakeFiles/four_motor_drive.dir/mnt/c/Users/Mark/Documents/pico/pico-sdk/src/common/pico_time/time.c.obj
 .text.ph_merge_nodes
                0x0000000010000da0       0x3e CMakeFiles/four_motor_drive.dir/mnt/c/Users/Mark/Documents/pico/pico-sdk/src/common/pico_time/time.c.obj
 *fill*         0x0000000010000dde        0x2 
 .text.add_alarm_under_lock
                0x0000000010000de0      0x174 CMakeFiles/four_motor_drive.dir/mnt/c/Users/Mark/Documents/pico/pico-sdk/src/common/pico_time/time.c.obj
 .text.alarm_pool_alarm_callback
                0x0000000010000f54      0x33c CMakeFiles/four_motor_drive.dir/mnt/c/Users/Mark/Documents/pico/pico-sdk/src/common/pico_time/time.c.obj
 .text.alarm_pool_init_default
                0x0000000010001290       0x40 CMakeFiles/four_motor_drive.dir/mnt/c/Users/Mark/Documents/pico/pico-sdk/src/common/pico_time/time.c.obj
                0x0000000010001290                alarm_pool_init_default
 .text.alarm_pool_get_default
                0x00000000100012d0       0x2c CMakeFiles/four_motor_drive.dir/mnt/c/Users/Mark/Documents/pico/pico-sdk/src/common/pico_time/time.c.obj
                0x00000000100012d0                alarm_pool_get_default
 .text.alarm_pool_add_alarm_at
                0x00000000100012fc      0x168 CMakeFiles/four_motor_drive.dir/mnt/c/Users/Mark/Documents/pico/pico-sdk/src/common/pico_time/time.c.obj
                0x00000000100012fc                alarm_pool_add_alarm_at
 .text.alarm_pool_cancel_alarm
                0x0000000010001464       0xf8 CMakeFiles/four_motor_drive.dir/mnt/c/Users/Mark/Documents/pico/pico-sdk/src/common/pico_time/time.c.obj
                0x0000000010001464                alarm_pool_cancel_alarm
 .text.sleep_until
                0x000000001000155c       0xfc CMakeFiles/four_motor_drive.dir/mnt/c/Users/Mark/Documents/pico/pico-sdk/src/common/pico_time/time.c.obj
                0x000000001000155c                sleep_until
 .text.sleep_us
                0x0000000010001658       0x58 CMakeFiles/four_motor_drive.dir/mnt/c/Users/Mark/Documents/pico/pico-sdk/src/common/pico_time/time.c.obj
                0x0000000010001658                sleep_us
 .text.sleep_ms
                0x00000000100016b0       0x14 CMakeFiles/four_motor_drive.dir/mnt/c/Users/Mark/Documents/pico/pico-sdk/src/common/pico_time/time.c.obj
                0x00000000100016b0                sleep_ms
 .text.best_effort_wfe_or_timeout
                0x00000000100016c4       0xac CMakeFiles/four_motor_drive.dir/mnt/c/Users/Mark/Documents/pico/pico-sdk/src/common/pico_time/time.c.obj
                0x00000000100016c4                best_effort_wfe_or_timeout
 .text.hardware_alarm_irq_handler
                0x0000000010001770       0x90 CMakeFiles/four_motor_drive.dir/mnt/c/Users/Mark/Documents/pico/pico-sdk/src/rp2_common/hardware_timer/timer.c.obj
 .text.hardware_alarm_claim
                0x0000000010001800       0x18 CMakeFiles/four_motor_drive.dir/mnt/c/Users/Mark/Documents/pico/pico-sdk/src/rp2_common/hardware_timer/timer.c.obj
                0x0000000010001800                hardware_alarm_claim
 .text.time_us_64
                0x0000000010001818       0x18 CMakeFiles/four_motor_drive.dir/mnt/c/Users/Mark/Documents/pico/pico-sdk/src/rp2_common/hardware_timer/timer.c.obj
                0x0000000010001818                time_us_64
 .text.busy_wait_until
                0x0000000010001830       0x28 CMakeFiles/four_motor_drive.dir/mnt/c/Users/Mark/Documents/pico/pico-sdk/src/rp2_common/hardware_timer/timer.c.obj
                0x0000000010001830                busy_wait_until
 .text.hardware_alarm_set_callback
                0x0000000010001858       0x90 CMakeFiles/four_motor_drive.dir/mnt/c/Users/Mark/Documents/pico/pico-sdk/src/rp2_common/hardware_timer/timer.c.obj
                0x0000000010001858                hardware_alarm_set_callback
 .text.hardware_alarm_set_target
                0x00000000100018e8       0xe8 CMakeFiles/four_motor_drive.dir/mnt/c/Users/Mark/Documents/pico/pico-sdk/src/rp2_common/hardware_timer/timer.c.obj
                0x00000000100018e8                hardware_alarm_set_target
 .text.hardware_alarm_cancel
                0x00000000100019d0       0x40 CMakeFiles/four_motor_drive.dir/mnt/c/Users/Mark/Documents/pico/pico-sdk/src/rp2_common/hardware_timer/timer.c.obj
                0x00000000100019d0                hardware_alarm_cancel
 .text.ph_add_child_node
                0x0000000010001a10       0xa4 CMakeFiles/four_motor_drive.dir/mnt/c/Users/Mark/Documents/pico/pico-sdk/src/common/pico_util/pheap.c.obj
 .text.ph_merge_nodes
                0x0000000010001ab4       0x3e CMakeFiles/four_motor_drive.dir/mnt/c/Users/Mark/Documents/pico/pico-sdk/src/common/pico_util/pheap.c.obj
 *fill*         0x0000000010001af2        0x2 
 .text.ph_clear
                0x0000000010001af4       0x70 CMakeFiles/four_motor_drive.dir/mnt/c/Users/Mark/Documents/pico/pico-sdk/src/common/pico_util/pheap.c.obj
                0x0000000010001af4                ph_clear
 .text.ph_post_alloc_init
                0x0000000010001b64        0xe CMakeFiles/four_motor_drive.dir/mnt/c/Users/Mark/Documents/pico/pico-sdk/src/common/pico_util/pheap.c.obj
                0x0000000010001b64                ph_post_alloc_init
 *fill*         0x0000000010001b72        0x2 
 .text.ph_merge_two_pass
                0x0000000010001b74       0xa8 CMakeFiles/four_motor_drive.dir/mnt/c/Users/Mark/Documents/pico/pico-sdk/src/common/pico_util/pheap.c.obj
                0x0000000010001b74                ph_merge_two_pass
 .text.ph_remove_any_head
                0x0000000010001c1c      0x128 CMakeFiles/four_motor_drive.dir/mnt/c/Users/Mark/Documents/pico/pico-sdk/src/common/pico_util/pheap.c.obj
 .text.ph_remove_head
                0x0000000010001d44       0x14 CMakeFiles/four_motor_drive.dir/mnt/c/Users/Mark/Documents/pico/pico-sdk/src/common/pico_util/pheap.c.obj
                0x0000000010001d44                ph_remove_head
 .text.ph_remove_and_free_node
                0x0000000010001d58       0xf8 CMakeFiles/four_motor_drive.dir/mnt/c/Users/Mark/Documents/pico/pico-sdk/src/common/pico_util/pheap.c.obj
                0x0000000010001d58                ph_remove_and_free_node
 .text.clock_configure
                0x0000000010001e50      0x108 CMakeFiles/four_motor_drive.dir/mnt/c/Users/Mark/Documents/pico/pico-sdk/src/rp2_common/hardware_clocks/clocks.c.obj
                0x0000000010001e50                clock_configure
 .text.clocks_init
                0x0000000010001f58      0x100 CMakeFiles/four_motor_drive.dir/mnt/c/Users/Mark/Documents/pico/pico-sdk/src/rp2_common/hardware_clocks/clocks.c.obj
                0x0000000010001f58                clocks_init
 .text.pll_init
                0x0000000010002058      0x120 CMakeFiles/four_motor_drive.dir/mnt/c/Users/Mark/Documents/pico/pico-sdk/src/rp2_common/hardware_pll/pll.c.obj
                0x0000000010002058                pll_init
 .text.watchdog_start_tick
                0x0000000010002178       0x10 CMakeFiles/four_motor_drive.dir/mnt/c/Users/Mark/Documents/pico/pico-sdk/src/rp2_common/hardware_watchdog/watchdog.c.obj
                0x0000000010002178                watchdog_start_tick
 .text.xosc_init
                0x0000000010002188       0x28 CMakeFiles/four_motor_drive.dir/mnt/c/Users/Mark/Documents/pico/pico-sdk/src/rp2_common/hardware_xosc/xosc.c.obj
                0x0000000010002188                xosc_init
 .text._exit    0x00000000100021b0        0x4 CMakeFiles/four_motor_drive.dir/mnt/c/Users/Mark/Documents/pico/pico-sdk/src/rp2_common/pico_runtime/runtime.c.obj
                0x00000000100021b0                _exit
 .text.exit     0x00000000100021b4        0x6 CMakeFiles/four_motor_drive.dir/mnt/c/Users/Mark/Documents/pico/pico-sdk/src/rp2_common/pico_runtime/runtime.c.obj
                0x00000000100021b4                exit
 *fill*         0x00000000100021ba        0x2 
 .text.__assert_func
                0x00000000100021bc       0x3c CMakeFiles/four_motor_drive.dir/mnt/c/Users/Mark/Documents/pico/pico-sdk/src/rp2_common/pico_runtime/runtime.c.obj
                0x00000000100021bc                __assert_func
 .text.runtime_init
                0x00000000100021f8       0xf8 CMakeFiles/four_motor_drive.dir/mnt/c/Users/Mark/Documents/pico/pico-sdk/src/rp2_common/pico_runtime/runtime.c.obj
                0x00000000100021f8                runtime_init
 .text.panic    0x00000000100022f0       0x30 CMakeFiles/four_motor_drive.dir/mnt/c/Users/Mark/Documents/pico/pico-sdk/src/rp2_common/pico_runtime/runtime.c.obj
                0x00000000100022f0                panic
 .text._out_null
                0x0000000010002320        0x2 CMakeFiles/four_motor_drive.dir/mnt/c/Users/Mark/Documents/pico/pico-sdk/src/rp2_common/pico_printf/printf.c.obj
 .text._out_fct
                0x0000000010002322        0xe CMakeFiles/four_motor_drive.dir/mnt/c/Users/Mark/Documents/pico/pico-sdk/src/rp2_common/pico_printf/printf.c.obj
 .text._atoi    0x0000000010002330       0x24 CMakeFiles/four_motor_drive.dir/mnt/c/Users/Mark/Documents/pico/pico-sdk/src/rp2_common/pico_printf/printf.c.obj
 .text._out_rev
                0x0000000010002354       0xae CMakeFiles/four_motor_drive.dir/mnt/c/Users/Mark/Documents/pico/pico-sdk/src/rp2_common/pico_printf/printf.c.obj
 .text._ntoa_format
                0x0000000010002402      0x112 CMakeFiles/four_motor_drive.dir/mnt/c/Users/Mark/Documents/pico/pico-sdk/src/rp2_common/pico_printf/printf.c.obj
 .text._ntoa_long
                0x0000000010002514       0xbc CMakeFiles/four_motor_drive.dir/mnt/c/Users/Mark/Documents/pico/pico-sdk/src/rp2_common/pico_printf/printf.c.obj
 .text._ntoa_long_long
                0x00000000100025d0       0xe2 CMakeFiles/four_motor_drive.dir/mnt/c/Users/Mark/Documents/pico/pico-sdk/src/rp2_common/pico_printf/printf.c.obj
 *fill*         0x00000000100026b2        0x2 
 .text._etoa    0x00000000100026b4      0x414 CMakeFiles/four_motor_drive.dir/mnt/c/Users/Mark/Documents/pico/pico-sdk/src/rp2_common/pico_printf/printf.c.obj
 .text._ftoa    0x0000000010002ac8      0x354 CMakeFiles/four_motor_drive.dir/mnt/c/Users/Mark/Documents/pico/pico-sdk/src/rp2_common/pico_printf/printf.c.obj
 .text._vsnprintf
                0x0000000010002e1c      0x624 CMakeFiles/four_motor_drive.dir/mnt/c/Users/Mark/Documents/pico/pico-sdk/src/rp2_common/pico_printf/printf.c.obj
 .text.vfctprintf
                0x0000000010003440       0x20 CMakeFiles/four_motor_drive.dir/mnt/c/Users/Mark/Documents/pico/pico-sdk/src/rp2_common/pico_printf/printf.c.obj
                0x0000000010003440                vfctprintf
 .text          0x0000000010003460       0x10 CMakeFiles/four_motor_drive.dir/mnt/c/Users/Mark/Documents/pico/pico-sdk/src/rp2_common/pico_bit_ops/bit_ops_aeabi.S.obj
 .text.rom_func_lookup
                0x0000000010003470       0x10 CMakeFiles/four_motor_drive.dir/mnt/c/Users/Mark/Documents/pico/pico-sdk/src/rp2_common/pico_bootrom/bootrom.c.obj
                0x0000000010003470                rom_func_lookup
 .text.rom_data_lookup
                0x0000000010003480       0x10 CMakeFiles/four_motor_drive.dir/mnt/c/Users/Mark/Documents/pico/pico-sdk/src/rp2_common/pico_bootrom/bootrom.c.obj
                0x0000000010003480                rom_data_lookup
 .text.rom_funcs_lookup
                0x0000000010003490       0x36 CMakeFiles/four_motor_drive.dir/mnt/c/Users/Mark/Documents/pico/pico-sdk/src/rp2_common/pico_bootrom/bootrom.c.obj
                0x0000000010003490                rom_funcs_lookup
 *fill*         0x00000000100034c6        0x2 
 .text.__wrap___aeabi_idiv
                0x00000000100034c8       0x50 CMakeFiles/four_motor_drive.dir/mnt/c/Users/Mark/Documents/pico/pico-sdk/src/rp2_common/pico_divider/divider.S.obj
                0x00000000100034c8                __wrap___aeabi_idivmod
                0x00000000100034c8                divmod_s32s32
                0x00000000100034c8                div_s32s32
                0x00000000100034c8                __wrap___aeabi_idiv
                0x00000000100034d0                divmod_s32s32_unsafe
                0x00000000100034fc                divmod_s32s32_savestate
 .text.__wrap___aeabi_uidiv
                0x0000000010003518       0x4c CMakeFiles/four_motor_drive.dir/mnt/c/Users/Mark/Documents/pico/pico-sdk/src/rp2_common/pico_divider/divider.S.obj
                0x0000000010003518                __wrap___aeabi_uidiv
                0x0000000010003518                __wrap___aeabi_uidivmod
                0x0000000010003518                div_u32u32
                0x0000000010003518                divmod_u32u32
                0x0000000010003520                divmod_u32u32_unsafe
                0x0000000010003548                divmod_u32u32_savestate
 .text.__wrap___aeabi_ldiv
                0x0000000010003564      0x424 CMakeFiles/four_motor_drive.dir/mnt/c/Users/Mark/Documents/pico/pico-sdk/src/rp2_common/pico_divider/divider.S.obj
                0x0000000010003564                div_s64s64
                0x0000000010003564                divmod_s64s64
                0x0000000010003564                __wrap___aeabi_ldivmod
                0x0000000010003594                div_u64u64
                0x0000000010003594                divmod_u64u64
                0x0000000010003594                __wrap___aeabi_uldivmod
                0x00000000100035a4                divmod_u64u64_savestate
                0x00000000100035c4                divmod_s64s64_unsafe
                0x000000001000364c                divmod_u64u64_unsafe
 .text.__wrap___aeabi_darithmetic
                0x0000000010003988       0x80 CMakeFiles/four_motor_drive.dir/mnt/c/Users/Mark/Documents/pico/pico-sdk/src/rp2_common/pico_double/double_aeabi.S.obj
                0x0000000010003988                __wrap___aeabi_drsub
                0x000000001000398e                __wrap___aeabi_dsub
                0x00000000100039a0                __wrap___aeabi_dadd
                0x00000000100039b2                __wrap___aeabi_ddiv
                0x00000000100039ee                __wrap___aeabi_dmul
 .text.__wrap___aeabi_cdcmple
                0x0000000010003a08       0x6c CMakeFiles/four_motor_drive.dir/mnt/c/Users/Mark/Documents/pico/pico-sdk/src/rp2_common/pico_double/double_aeabi.S.obj
                0x0000000010003a08                __wrap___aeabi_cdrcmple
                0x0000000010003a18                __wrap___aeabi_cdcmple
                0x0000000010003a18                __wrap___aeabi_cdcmpeq
 .text.__wrap___aeabi_dcmplt
                0x0000000010003a74        0xc CMakeFiles/four_motor_drive.dir/mnt/c/Users/Mark/Documents/pico/pico-sdk/src/rp2_common/pico_double/double_aeabi.S.obj
                0x0000000010003a74                __wrap___aeabi_dcmplt
 .text.__wrap___aeabi_dcmple
                0x0000000010003a80       0x10 CMakeFiles/four_motor_drive.dir/mnt/c/Users/Mark/Documents/pico/pico-sdk/src/rp2_common/pico_double/double_aeabi.S.obj
                0x0000000010003a80                __wrap___aeabi_dcmple
 .text.__wrap___aeabi_dcmpge
                0x0000000010003a90       0x10 CMakeFiles/four_motor_drive.dir/mnt/c/Users/Mark/Documents/pico/pico-sdk/src/rp2_common/pico_double/double_aeabi.S.obj
                0x0000000010003a90                __wrap___aeabi_dcmpge
 .text.__wrap___aeabi_dcmpgt
                0x0000000010003aa0        0xa CMakeFiles/four_motor_drive.dir/mnt/c/Users/Mark/Documents/pico/pico-sdk/src/rp2_common/pico_double/double_aeabi.S.obj
                0x0000000010003aa0                __wrap___aeabi_dcmpgt
 .text.__wrap___aeabi_dcmpun
                0x0000000010003aaa       0x1c CMakeFiles/four_motor_drive.dir/mnt/c/Users/Mark/Documents/pico/pico-sdk/src/rp2_common/pico_double/double_aeabi.S.obj
                0x0000000010003aaa                __wrap___aeabi_dcmpun
 *fill*         0x0000000010003ac6        0x2 
 .text.__wrap___aeabi_i2d
                0x0000000010003ac8       0x38 CMakeFiles/four_motor_drive.dir/mnt/c/Users/Mark/Documents/pico/pico-sdk/src/rp2_common/pico_double/double_aeabi.S.obj
                0x0000000010003ac8                __wrap___aeabi_ui2d
                0x0000000010003ad0                __wrap___aeabi_i2d
 .text.__wrap___aeabi_d2iz
                0x0000000010003b00       0x48 CMakeFiles/four_motor_drive.dir/mnt/c/Users/Mark/Documents/pico/pico-sdk/src/rp2_common/pico_double/double_aeabi.S.obj
                0x0000000010003b00                __wrap___aeabi_d2iz
                0x0000000010003b00                double2int_z
 .text.__wrap___aeabi_d2uiz
                0x0000000010003b48       0x18 CMakeFiles/four_motor_drive.dir/mnt/c/Users/Mark/Documents/pico/pico-sdk/src/rp2_common/pico_double/double_aeabi.S.obj
                0x0000000010003b48                double2uint
                0x0000000010003b48                __wrap___aeabi_d2uiz
 .text.__aeabi_double_init
                0x0000000010003b60       0xc8 CMakeFiles/four_motor_drive.dir/mnt/c/Users/Mark/Documents/pico/pico-sdk/src/rp2_common/pico_double/double_init_rom.c.obj
                0x0000000010003b60                __aeabi_double_init
 .text.double_table_shim_on_use_helper
                0x0000000010003c28       0x34 CMakeFiles/four_motor_drive.dir/mnt/c/Users/Mark/Documents/pico/pico-sdk/src/rp2_common/pico_double/double_v1_rom_shim.S.obj
                0x0000000010003c28                double_table_shim_on_use_helper
 .text.__wrap___aeabi_dsub
                0x0000000010003c5c       0x10 CMakeFiles/four_motor_drive.dir/mnt/c/Users/Mark/Documents/pico/pico-sdk/src/rp2_common/pico_double/double_v1_rom_shim.S.obj
                0x0000000010003c5c                drsub_shim
                0x0000000010003c62                dsub_shim
 .text.dadd_shim
                0x0000000010003c6c      0x15c CMakeFiles/four_motor_drive.dir/mnt/c/Users/Mark/Documents/pico/pico-sdk/src/rp2_common/pico_double/double_v1_rom_shim.S.obj
                0x0000000010003c6c                dadd_shim
 .text.dmul_shim
                0x0000000010003dc8      0x15c CMakeFiles/four_motor_drive.dir/mnt/c/Users/Mark/Documents/pico/pico-sdk/src/rp2_common/pico_double/double_v1_rom_shim.S.obj
                0x0000000010003dc8                dmul_shim
 .text.ddiv_shim
                0x0000000010003f24      0x1b0 CMakeFiles/four_motor_drive.dir/mnt/c/Users/Mark/Documents/pico/pico-sdk/src/rp2_common/pico_double/double_v1_rom_shim.S.obj
                0x0000000010003f24                ddiv_shim
 .text.double2uint_shim
                0x00000000100040d4        0xe CMakeFiles/four_motor_drive.dir/mnt/c/Users/Mark/Documents/pico/pico-sdk/src/rp2_common/pico_double/double_v1_rom_shim.S.obj
                0x00000000100040d4                double2uint_shim
                0x00000000100040d6                double2ufix_shim
 *fill*         0x00000000100040e2        0x2 
 .text.double2uint64_shim
                0x00000000100040e4       0x70 CMakeFiles/four_motor_drive.dir/mnt/c/Users/Mark/Documents/pico/pico-sdk/src/rp2_common/pico_double/double_v1_rom_shim.S.obj
                0x00000000100040e4                double2uint64_shim
                0x00000000100040e6                double2ufix64_shim
                0x0000000010004106                d2fix_a
 .text.dunpacks
                0x0000000010004154       0x3c CMakeFiles/four_motor_drive.dir/mnt/c/Users/Mark/Documents/pico/pico-sdk/src/rp2_common/pico_double/double_v1_rom_shim.S.obj
                0x0000000010004154                dunpacks
 .text.__aeabi_lmul
                0x0000000010004190       0x32 CMakeFiles/four_motor_drive.dir/mnt/c/Users/Mark/Documents/pico/pico-sdk/src/rp2_common/pico_int64_ops/pico_int64_ops_aeabi.S.obj
                0x0000000010004190                __wrap___aeabi_lmul
 *fill*         0x00000000100041c2        0x2 
 .text.__wrap___aeabi_f2uiz
                0x00000000100041c4       0x10 CMakeFiles/four_motor_drive.dir/mnt/c/Users/Mark/Documents/pico/pico-sdk/src/rp2_common/pico_float/float_aeabi.S.obj
                0x00000000100041c4                __wrap___aeabi_f2uiz
 .text.__aeabi_float_init
                0x00000000100041d4       0xfc CMakeFiles/four_motor_drive.dir/mnt/c/Users/Mark/Documents/pico/pico-sdk/src/rp2_common/pico_float/float_init_rom.c.obj
                0x00000000100041d4                __aeabi_float_init
 .text.float_table_shim_on_use_helper
                0x00000000100042d0       0x34 CMakeFiles/four_motor_drive.dir/mnt/c/Users/Mark/Documents/pico/pico-sdk/src/rp2_common/pico_float/float_v1_rom_shim.S.obj
                0x00000000100042d0                float_table_shim_on_use_helper
 .text          0x0000000010004304       0x10 CMakeFiles/four_motor_drive.dir/mnt/c/Users/Mark/Documents/pico/pico-sdk/src/rp2_common/pico_mem_ops/mem_ops_aeabi.S.obj
                0x0000000010004304                __aeabi_mem_init
 .text.memset   0x0000000010004314        0xc CMakeFiles/four_motor_drive.dir/mnt/c/Users/Mark/Documents/pico/pico-sdk/src/rp2_common/pico_mem_ops/mem_ops_aeabi.S.obj
                0x0000000010004314                __wrap_memset
 .text.memcpy   0x0000000010004320        0xc CMakeFiles/four_motor_drive.dir/mnt/c/Users/Mark/Documents/pico/pico-sdk/src/rp2_common/pico_mem_ops/mem_ops_aeabi.S.obj
                0x0000000010004320                __wrap___aeabi_memcpy
                0x0000000010004320                __wrap_memcpy
 .text.stdio_out_chars_no_crlf
                0x000000001000432c        0xe CMakeFiles/four_motor_drive.dir/mnt/c/Users/Mark/Documents/pico/pico-sdk/src/rp2_common/pico_stdio/stdio.c.obj
 *fill*         0x000000001000433a        0x2 
 .text.stdio_out_chars_crlf
                0x000000001000433c       0x80 CMakeFiles/four_motor_drive.dir/mnt/c/Users/Mark/Documents/pico/pico-sdk/src/rp2_common/pico_stdio/stdio.c.obj
 .text.stdio_stack_buffer_flush
                0x00000000100043bc       0x44 CMakeFiles/four_motor_drive.dir/mnt/c/Users/Mark/Documents/pico/pico-sdk/src/rp2_common/pico_stdio/stdio.c.obj
 .text.stdio_buffered_printer
                0x0000000010004400       0x20 CMakeFiles/four_motor_drive.dir/mnt/c/Users/Mark/Documents/pico/pico-sdk/src/rp2_common/pico_stdio/stdio.c.obj
 .text.stdout_serialize_begin
                0x0000000010004420       0x5c CMakeFiles/four_motor_drive.dir/mnt/c/Users/Mark/Documents/pico/pico-sdk/src/rp2_common/pico_stdio/stdio.c.obj
                0x0000000010004420                stdout_serialize_begin
 .text.stdout_serialize_end
                0x000000001000447c       0x10 CMakeFiles/four_motor_drive.dir/mnt/c/Users/Mark/Documents/pico/pico-sdk/src/rp2_common/pico_stdio/stdio.c.obj
                0x000000001000447c                stdout_serialize_end
 .text.stdio_put_string
                0x000000001000448c       0x98 CMakeFiles/four_motor_drive.dir/mnt/c/Users/Mark/Documents/pico/pico-sdk/src/rp2_common/pico_stdio/stdio.c.obj
 .text.stdio_flush
                0x0000000010004524       0x20 CMakeFiles/four_motor_drive.dir/mnt/c/Users/Mark/Documents/pico/pico-sdk/src/rp2_common/pico_stdio/stdio.c.obj
                0x0000000010004524                stdio_flush
 .text.__wrap_puts
                0x0000000010004544       0x1e CMakeFiles/four_motor_drive.dir/mnt/c/Users/Mark/Documents/pico/pico-sdk/src/rp2_common/pico_stdio/stdio.c.obj
                0x0000000010004544                __wrap_puts
 *fill*         0x0000000010004562        0x2 
 .text.__wrap_vprintf
                0x0000000010004564       0x40 CMakeFiles/four_motor_drive.dir/mnt/c/Users/Mark/Documents/pico/pico-sdk/src/rp2_common/pico_stdio/stdio.c.obj
                0x0000000010004564                __wrap_vprintf
 .text.__wrap_printf
                0x00000000100045a4       0x18 CMakeFiles/four_motor_drive.dir/mnt/c/Users/Mark/Documents/pico/pico-sdk/src/rp2_common/pico_stdio/stdio.c.obj
                0x00000000100045a4                __wrap_printf
 .text._retrieve_unique_id_on_boot
                0x00000000100045bc       0x10 CMakeFiles/four_motor_drive.dir/mnt/c/Users/Mark/Documents/pico/pico-sdk/src/rp2_common/pico_unique_id/unique_id.c.obj
 .text.flash_get_unique_id
                0x00000000100045cc       0x46 CMakeFiles/four_motor_drive.dir/mnt/c/Users/Mark/Documents/pico/pico-sdk/src/rp2_common/hardware_flash/flash.c.obj
                0x00000000100045cc                flash_get_unique_id
 *fill*         0x0000000010004612        0x2 
 .text          0x0000000010004614       0x5c /usr/lib/gcc/arm-none-eabi/10.3.1/../../../arm-none-eabi/lib/thumb/v6-m/nofp/libg.a(lib_a-strlen-stub.o)
                0x0000000010004614                strlen
 *(.fini)
 .fini          0x0000000010004670        0x4 /usr/lib/gcc/arm-none-eabi/10.3.1/thumb/v6-m/nofp/crti.o
                0x0000000010004670                _fini
 *fill*         0x0000000010004674        0x4 
 .fini.__stub   0x0000000010004678       0x50 linker stubs
 *crtbegin.o(.ctors)
 *crtbegin?.o(.ctors)
 *(EXCLUDE_FILE(*crtend.o *crtend?.o) .ctors)
 *(SORT_BY_NAME(.ctors.*))
 *(.ctors)
 *crtbegin.o(.dtors)
 *crtbegin?.o(.dtors)
 *(EXCLUDE_FILE(*crtend.o *crtend?.o) .dtors)
 *(SORT_BY_NAME(.dtors.*))
 *(.dtors)
 *(.eh_frame*)
 .eh_frame      0x00000000100046c8        0x0 /usr/lib/gcc/arm-none-eabi/10.3.1/thumb/v6-m/nofp/crtbegin.o
                0x00000000100046c8                . = ALIGN (0x4)

.glue_7         0x00000000100046c8        0x0
 .glue_7        0x00000000100046c8        0x0 linker stubs

.glue_7t        0x00000000100046c8        0x0
 .glue_7t       0x00000000100046c8        0x0 linker stubs

.vfp11_veneer   0x00000000100046c8        0x0
 .vfp11_veneer  0x00000000100046c8        0x0 linker stubs

.v4_bx          0x00000000100046c8        0x0
 .v4_bx         0x00000000100046c8        0x0 linker stubs

.iplt           0x00000000100046c8        0x0
 .iplt          0x00000000100046c8        0x0 /usr/lib/gcc/arm-none-eabi/10.3.1/thumb/v6-m/nofp/crtbegin.o

.rodata         0x00000000100046c8     0x1130
 *(EXCLUDE_FILE(*libm.a: *libc.a:*lib_a-mem*.o *libgcc.a:) .rodata*)
 .rodata.main.str1.4
                0x00000000100046c8        0x6 CMakeFiles/four_motor_drive.dir/four_motor_drive.c.obj
 *fill*         0x00000000100046ce        0x2 
 .rodata.make_branch.str1.4
                0x00000000100046d0       0x7c CMakeFiles/four_motor_drive.dir/mnt/c/Users/Mark/Documents/pico/pico-sdk/src/rp2_common/hardware_irq/irq.c.obj
 .rodata.insert_branch_and_link.str1.4
                0x000000001000474c       0x10 CMakeFiles/four_motor_drive.dir/mnt/c/Users/Mark/Documents/pico/pico-sdk/src/rp2_common/hardware_irq/irq.c.obj
 .rodata.irq_set_exclusive_handler.str1.4
                0x000000001000475c       0x36 CMakeFiles/four_motor_drive.dir/mnt/c/Users/Mark/Documents/pico/pico-sdk/src/rp2_common/hardware_irq/irq.c.obj
 *fill*         0x0000000010004792        0x2 
 .rodata.irq_add_shared_handler.str1.4
                0x0000000010004794       0xd9 CMakeFiles/four_motor_drive.dir/mnt/c/Users/Mark/Documents/pico/pico-sdk/src/rp2_common/hardware_irq/irq.c.obj
 *fill*         0x000000001000486d        0x3 
 .rodata.irq_remove_handler.str1.4
                0x0000000010004870       0x3a CMakeFiles/four_motor_drive.dir/mnt/c/Users/Mark/Documents/pico/pico-sdk/src/rp2_common/hardware_irq/irq.c.obj
 *fill*         0x00000000100048aa        0x2 
 .rodata.irq_add_tail_to_free_list.str1.4
                0x00000000100048ac       0x3a CMakeFiles/four_motor_drive.dir/mnt/c/Users/Mark/Documents/pico/pico-sdk/src/rp2_common/hardware_irq/irq.c.obj
 *fill*         0x00000000100048e6        0x2 
 .rodata.__func__.0
                0x00000000100048e8       0x1a CMakeFiles/four_motor_drive.dir/mnt/c/Users/Mark/Documents/pico/pico-sdk/src/rp2_common/hardware_irq/irq.c.obj
 *fill*         0x0000000010004902        0x2 
 .rodata.__func__.1
                0x0000000010004904       0x17 CMakeFiles/four_motor_drive.dir/mnt/c/Users/Mark/Documents/pico/pico-sdk/src/rp2_common/hardware_irq/irq.c.obj
 *fill*         0x000000001000491b        0x1 
 .rodata.__func__.2
                0x000000001000491c       0x13 CMakeFiles/four_motor_drive.dir/mnt/c/Users/Mark/Documents/pico/pico-sdk/src/rp2_common/hardware_irq/irq.c.obj
 *fill*         0x000000001000492f        0x1 
 .rodata.__func__.3
                0x0000000010004930        0xc CMakeFiles/four_motor_drive.dir/mnt/c/Users/Mark/Documents/pico/pico-sdk/src/rp2_common/hardware_irq/irq.c.obj
 .rodata.__func__.4
                0x000000001000493c        0xf CMakeFiles/four_motor_drive.dir/mnt/c/Users/Mark/Documents/pico/pico-sdk/src/rp2_common/hardware_irq/irq.c.obj
 *fill*         0x000000001000494b        0x1 
 .rodata.__func__.6
                0x000000001000494c       0x1a CMakeFiles/four_motor_drive.dir/mnt/c/Users/Mark/Documents/pico/pico-sdk/src/rp2_common/hardware_irq/irq.c.obj
 *fill*         0x0000000010004966        0x2 
 .rodata.str1.4
                0x0000000010004968      0x109 CMakeFiles/four_motor_drive.dir/mnt/c/Users/Mark/Documents/pico/pico-sdk/src/common/pico_sync/mutex.c.obj
 *fill*         0x0000000010004a71        0x3 
 .rodata.__func__.1
                0x0000000010004a74        0xb CMakeFiles/four_motor_drive.dir/mnt/c/Users/Mark/Documents/pico/pico-sdk/src/common/pico_sync/mutex.c.obj
 *fill*         0x0000000010004a7f        0x1 
 .rodata.__func__.3
                0x0000000010004a80       0x18 CMakeFiles/four_motor_drive.dir/mnt/c/Users/Mark/Documents/pico/pico-sdk/src/common/pico_sync/mutex.c.obj
 .rodata.repeating_timer_callback.str1.4
                0x0000000010004a98       0x5a CMakeFiles/four_motor_drive.dir/mnt/c/Users/Mark/Documents/pico/pico-sdk/src/common/pico_time/time.c.obj
 *fill*         0x0000000010004af2        0x2 
 .rodata.timer_pool_entry_comparator.str1.4
                0x0000000010004af4       0x22 CMakeFiles/four_motor_drive.dir/mnt/c/Users/Mark/Documents/pico/pico-sdk/src/common/pico_time/time.c.obj
 *fill*         0x0000000010004b16        0x2 
 .rodata.ph_add_child_node.str1.4
                0x0000000010004b18       0xa6 CMakeFiles/four_motor_drive.dir/mnt/c/Users/Mark/Documents/pico/pico-sdk/src/common/pico_time/time.c.obj
 *fill*         0x0000000010004bbe        0x2 
 .rodata.add_alarm_under_lock.str1.4
                0x0000000010004bc0       0x28 CMakeFiles/four_motor_drive.dir/mnt/c/Users/Mark/Documents/pico/pico-sdk/src/common/pico_time/time.c.obj
                                         0x2b (size before relaxing)
 .rodata.alarm_pool_alarm_callback.str1.4
                0x0000000010004be8       0x98 CMakeFiles/four_motor_drive.dir/mnt/c/Users/Mark/Documents/pico/pico-sdk/src/common/pico_time/time.c.obj
                                        0x108 (size before relaxing)
 .rodata.alarm_pool_get_default.str1.4
                0x0000000010004c80       0x21 CMakeFiles/four_motor_drive.dir/mnt/c/Users/Mark/Documents/pico/pico-sdk/src/common/pico_time/time.c.obj
 *fill*         0x0000000010004ca1        0x3 
 .rodata.alarm_pool_cancel_alarm.str1.4
                0x0000000010004ca4       0x27 CMakeFiles/four_motor_drive.dir/mnt/c/Users/Mark/Documents/pico/pico-sdk/src/common/pico_time/time.c.obj
 *fill*         0x0000000010004ccb        0x1 
 .rodata.sleep_until.str1.4
                0x0000000010004ccc       0x4d CMakeFiles/four_motor_drive.dir/mnt/c/Users/Mark/Documents/pico/pico-sdk/src/common/pico_time/time.c.obj
 *fill*         0x0000000010004d19        0x3 
 .rodata.__func__.1
                0x0000000010004d1c       0x18 CMakeFiles/four_motor_drive.dir/mnt/c/Users/Mark/Documents/pico/pico-sdk/src/common/pico_time/time.c.obj
 .rodata.__func__.10
                0x0000000010004d34       0x15 CMakeFiles/four_motor_drive.dir/mnt/c/Users/Mark/Documents/pico/pico-sdk/src/common/pico_time/time.c.obj
 *fill*         0x0000000010004d49        0x3 
 .rodata.__func__.11
                0x0000000010004d4c       0x1a CMakeFiles/four_motor_drive.dir/mnt/c/Users/Mark/Documents/pico/pico-sdk/src/common/pico_time/time.c.obj
 *fill*         0x0000000010004d66        0x2 
 .rodata.__func__.12
                0x0000000010004d68        0xa CMakeFiles/four_motor_drive.dir/mnt/c/Users/Mark/Documents/pico/pico-sdk/src/common/pico_time/time.c.obj
 *fill*         0x0000000010004d72        0x2 
 .rodata.__func__.3
                0x0000000010004d74       0x17 CMakeFiles/four_motor_drive.dir/mnt/c/Users/Mark/Documents/pico/pico-sdk/src/common/pico_time/time.c.obj
 *fill*         0x0000000010004d8b        0x1 
 .rodata.__func__.4
                0x0000000010004d8c       0x12 CMakeFiles/four_motor_drive.dir/mnt/c/Users/Mark/Documents/pico/pico-sdk/src/common/pico_time/time.c.obj
 *fill*         0x0000000010004d9e        0x2 
 .rodata.__func__.5
                0x0000000010004da0        0xd CMakeFiles/four_motor_drive.dir/mnt/c/Users/Mark/Documents/pico/pico-sdk/src/common/pico_time/time.c.obj
 *fill*         0x0000000010004dad        0x3 
 .rodata.__func__.6
                0x0000000010004db0       0x12 CMakeFiles/four_motor_drive.dir/mnt/c/Users/Mark/Documents/pico/pico-sdk/src/common/pico_time/time.c.obj
 *fill*         0x0000000010004dc2        0x2 
 .rodata.__func__.7
                0x0000000010004dc4        0xf CMakeFiles/four_motor_drive.dir/mnt/c/Users/Mark/Documents/pico/pico-sdk/src/common/pico_time/time.c.obj
 *fill*         0x0000000010004dd3        0x1 
 .rodata.__func__.8
                0x0000000010004dd4        0xc CMakeFiles/four_motor_drive.dir/mnt/c/Users/Mark/Documents/pico/pico-sdk/src/common/pico_time/time.c.obj
 .rodata.__func__.9
                0x0000000010004de0       0x15 CMakeFiles/four_motor_drive.dir/mnt/c/Users/Mark/Documents/pico/pico-sdk/src/common/pico_time/time.c.obj
 *fill*         0x0000000010004df5        0x3 
 .rodata.hardware_alarm_claim.str1.4
                0x0000000010004df8       0x22 CMakeFiles/four_motor_drive.dir/mnt/c/Users/Mark/Documents/pico/pico-sdk/src/rp2_common/hardware_timer/timer.c.obj
 *fill*         0x0000000010004e1a        0x2 
 .rodata.hardware_alarm_set_target.str1.4
                0x0000000010004e1c       0x74 CMakeFiles/four_motor_drive.dir/mnt/c/Users/Mark/Documents/pico/pico-sdk/src/rp2_common/hardware_timer/timer.c.obj
 .rodata.__func__.0
                0x0000000010004e90       0x1a CMakeFiles/four_motor_drive.dir/mnt/c/Users/Mark/Documents/pico/pico-sdk/src/rp2_common/hardware_timer/timer.c.obj
 .rodata.ph_add_child_node.str1.4
                0x0000000010004eaa       0xa6 CMakeFiles/four_motor_drive.dir/mnt/c/Users/Mark/Documents/pico/pico-sdk/src/common/pico_util/pheap.c.obj
 *fill*         0x0000000010004eaa        0x2 
 .rodata.ph_remove_any_head.str1.4
                0x0000000010004eac       0x9c CMakeFiles/four_motor_drive.dir/mnt/c/Users/Mark/Documents/pico/pico-sdk/src/common/pico_util/pheap.c.obj
                                         0xb0 (size before relaxing)
 .rodata.ph_remove_and_free_node.str1.4
                0x0000000010004f48       0x1e CMakeFiles/four_motor_drive.dir/mnt/c/Users/Mark/Documents/pico/pico-sdk/src/common/pico_util/pheap.c.obj
                                         0x26 (size before relaxing)
 *fill*         0x0000000010004f66        0x2 
 .rodata.__func__.0
                0x0000000010004f68       0x18 CMakeFiles/four_motor_drive.dir/mnt/c/Users/Mark/Documents/pico/pico-sdk/src/common/pico_util/pheap.c.obj
 .rodata.__func__.1
                0x0000000010004f80       0x13 CMakeFiles/four_motor_drive.dir/mnt/c/Users/Mark/Documents/pico/pico-sdk/src/common/pico_util/pheap.c.obj
 *fill*         0x0000000010004f93        0x1 
 .rodata.__func__.2
                0x0000000010004f94       0x12 CMakeFiles/four_motor_drive.dir/mnt/c/Users/Mark/Documents/pico/pico-sdk/src/common/pico_util/pheap.c.obj
 *fill*         0x0000000010004fa6        0x2 
 .rodata.__func__.3
                0x0000000010004fa8        0xc CMakeFiles/four_motor_drive.dir/mnt/c/Users/Mark/Documents/pico/pico-sdk/src/common/pico_util/pheap.c.obj
 .rodata.clock_configure.str1.4
                0x0000000010004fb4       0x66 CMakeFiles/four_motor_drive.dir/mnt/c/Users/Mark/Documents/pico/pico-sdk/src/rp2_common/hardware_clocks/clocks.c.obj
 *fill*         0x000000001000501a        0x2 
 .rodata.__func__.1
                0x000000001000501c       0x10 CMakeFiles/four_motor_drive.dir/mnt/c/Users/Mark/Documents/pico/pico-sdk/src/rp2_common/hardware_clocks/clocks.c.obj
 .rodata.pll_init.str1.4
                0x000000001000502c      0x130 CMakeFiles/four_motor_drive.dir/mnt/c/Users/Mark/Documents/pico/pico-sdk/src/rp2_common/hardware_pll/pll.c.obj
 .rodata.__func__.0
                0x000000001000515c        0x9 CMakeFiles/four_motor_drive.dir/mnt/c/Users/Mark/Documents/pico/pico-sdk/src/rp2_common/hardware_pll/pll.c.obj
 *fill*         0x0000000010005165        0x3 
 .rodata.__assert_func.str1.4
                0x0000000010005168       0x3f CMakeFiles/four_motor_drive.dir/mnt/c/Users/Mark/Documents/pico/pico-sdk/src/rp2_common/pico_runtime/runtime.c.obj
                                         0x43 (size before relaxing)
 *fill*         0x00000000100051a7        0x1 
 .rodata.runtime_init.str1.4
                0x00000000100051a8       0x70 CMakeFiles/four_motor_drive.dir/mnt/c/Users/Mark/Documents/pico/pico-sdk/src/rp2_common/pico_runtime/runtime.c.obj
 .rodata.panic.str1.4
                0x0000000010005218       0x12 CMakeFiles/four_motor_drive.dir/mnt/c/Users/Mark/Documents/pico/pico-sdk/src/rp2_common/pico_runtime/runtime.c.obj
 *fill*         0x000000001000522a        0x2 
 .rodata.__func__.2
                0x000000001000522c        0xd CMakeFiles/four_motor_drive.dir/mnt/c/Users/Mark/Documents/pico/pico-sdk/src/rp2_common/pico_runtime/runtime.c.obj
 *fill*         0x0000000010005239        0x3 
 .rodata._ftoa.str1.4
                0x000000001000523c       0x15 CMakeFiles/four_motor_drive.dir/mnt/c/Users/Mark/Documents/pico/pico-sdk/src/rp2_common/pico_printf/printf.c.obj
 *fill*         0x0000000010005251        0x3 
 .rodata._vsnprintf
                0x0000000010005254      0x1e0 CMakeFiles/four_motor_drive.dir/mnt/c/Users/Mark/Documents/pico/pico-sdk/src/rp2_common/pico_printf/printf.c.obj
 *fill*         0x0000000010005434        0x4 
 .rodata.pow10.0
                0x0000000010005438       0x50 CMakeFiles/four_motor_drive.dir/mnt/c/Users/Mark/Documents/pico/pico-sdk/src/rp2_common/pico_printf/printf.c.obj
 .rodata.__aeabi_double_init.str1.4
                0x0000000010005488       0xab CMakeFiles/four_motor_drive.dir/mnt/c/Users/Mark/Documents/pico/pico-sdk/src/rp2_common/pico_double/double_init_rom.c.obj
 *fill*         0x0000000010005533        0x1 
 .rodata.__func__.0
                0x0000000010005534       0x14 CMakeFiles/four_motor_drive.dir/mnt/c/Users/Mark/Documents/pico/pico-sdk/src/rp2_common/pico_double/double_init_rom.c.obj
 .rodata.__aeabi_float_init.str1.4
                0x0000000010005548       0x89 CMakeFiles/four_motor_drive.dir/mnt/c/Users/Mark/Documents/pico/pico-sdk/src/rp2_common/pico_float/float_init_rom.c.obj
                                         0x8d (size before relaxing)
 *fill*         0x00000000100055d1        0x3 
 .rodata.__func__.0
                0x00000000100055d4       0x13 CMakeFiles/four_motor_drive.dir/mnt/c/Users/Mark/Documents/pico/pico-sdk/src/rp2_common/pico_float/float_init_rom.c.obj
 *fill*         0x00000000100055e7        0x1 
 .rodata.str1.4
                0x00000000100055e8       0x4c CMakeFiles/four_motor_drive.dir/mnt/c/Users/Mark/Documents/pico/pico-sdk/src/rp2_common/pico_standard_link/binary_info.c.obj
 .rodata.__bi_44
                0x0000000010005634        0xc CMakeFiles/four_motor_drive.dir/mnt/c/Users/Mark/Documents/pico/pico-sdk/src/rp2_common/pico_standard_link/binary_info.c.obj
 .rodata.__bi_56
                0x0000000010005640        0xc CMakeFiles/four_motor_drive.dir/mnt/c/Users/Mark/Documents/pico/pico-sdk/src/rp2_common/pico_standard_link/binary_info.c.obj
 .rodata.__bi_75
                0x000000001000564c        0xc CMakeFiles/four_motor_drive.dir/mnt/c/Users/Mark/Documents/pico/pico-sdk/src/rp2_common/pico_standard_link/binary_info.c.obj
 .rodata.__bi_81
                0x0000000010005658        0xc CMakeFiles/four_motor_drive.dir/mnt/c/Users/Mark/Documents/pico/pico-sdk/src/rp2_common/pico_standard_link/binary_info.c.obj
 .rodata.stdout_serialize_begin.str1.4
                0x0000000010005664       0x70 CMakeFiles/four_motor_drive.dir/mnt/c/Users/Mark/Documents/pico/pico-sdk/src/rp2_common/pico_stdio/stdio.c.obj
 .rodata.__func__.3
                0x0000000010005664       0x15 CMakeFiles/four_motor_drive.dir/mnt/c/Users/Mark/Documents/pico/pico-sdk/src/rp2_common/pico_stdio/stdio.c.obj
 *fill*         0x0000000010005679        0x3 
 .rodata.crlf_str.2
                0x000000001000567c        0x2 CMakeFiles/four_motor_drive.dir/mnt/c/Users/Mark/Documents/pico/pico-sdk/src/rp2_common/pico_stdio/stdio.c.obj
 *fill*         0x000000001000567e        0x2 
 .rodata.str1.4
                0x0000000010005680      0x166 CMakeFiles/four_motor_drive.dir/mnt/c/Users/Mark/Documents/pico/pico-sdk/src/rp2_common/hardware_flash/flash.c.obj
 *fill*         0x00000000100057e6        0x2 
 .rodata.__func__.0
                0x00000000100057e8        0xd CMakeFiles/four_motor_drive.dir/mnt/c/Users/Mark/Documents/pico/pico-sdk/src/rp2_common/hardware_flash/flash.c.obj
                0x00000000100057f8                . = ALIGN (0x4)
 *fill*         0x00000000100057f5        0x3 
 *(SORT_BY_ALIGNMENT(SORT_BY_NAME(.flashdata*)))
                0x00000000100057f8                . = ALIGN (0x4)

.ARM.extab
 *(.ARM.extab* .gnu.linkonce.armextab.*)
                0x00000000100057f8                __exidx_start = .

.ARM.exidx
 *(.ARM.exidx* .gnu.linkonce.armexidx.*)
                0x00000000100057f8                __exidx_end = .
                0x00000000100057f8                . = ALIGN (0x4)
                0x00000000100057f8                __binary_info_start = .

.binary_info    0x00000000100057f8       0x20
 *(.binary_info.keep.*)
 .binary_info.keep.__bi_ptr22
                0x00000000100057f8        0x4 CMakeFiles/four_motor_drive.dir/mnt/c/Users/Mark/Documents/pico/pico-sdk/src/rp2_common/pico_standard_link/binary_info.c.obj
 .binary_info.keep.__bi_ptr30
                0x00000000100057fc        0x4 CMakeFiles/four_motor_drive.dir/mnt/c/Users/Mark/Documents/pico/pico-sdk/src/rp2_common/pico_standard_link/binary_info.c.obj
 .binary_info.keep.__bi_ptr38
                0x0000000010005800        0x4 CMakeFiles/four_motor_drive.dir/mnt/c/Users/Mark/Documents/pico/pico-sdk/src/rp2_common/pico_standard_link/binary_info.c.obj
 .binary_info.keep.__bi_ptr44
                0x0000000010005804        0x4 CMakeFiles/four_motor_drive.dir/mnt/c/Users/Mark/Documents/pico/pico-sdk/src/rp2_common/pico_standard_link/binary_info.c.obj
 .binary_info.keep.__bi_ptr50
                0x0000000010005808        0x4 CMakeFiles/four_motor_drive.dir/mnt/c/Users/Mark/Documents/pico/pico-sdk/src/rp2_common/pico_standard_link/binary_info.c.obj
 .binary_info.keep.__bi_ptr56
                0x000000001000580c        0x4 CMakeFiles/four_motor_drive.dir/mnt/c/Users/Mark/Documents/pico/pico-sdk/src/rp2_common/pico_standard_link/binary_info.c.obj
 .binary_info.keep.__bi_ptr75
                0x0000000010005810        0x4 CMakeFiles/four_motor_drive.dir/mnt/c/Users/Mark/Documents/pico/pico-sdk/src/rp2_common/pico_standard_link/binary_info.c.obj
 .binary_info.keep.__bi_ptr81
                0x0000000010005814        0x4 CMakeFiles/four_motor_drive.dir/mnt/c/Users/Mark/Documents/pico/pico-sdk/src/rp2_common/pico_standard_link/binary_info.c.obj
 *(.binary_info.*)
                0x0000000010005818                __binary_info_end = .

.rel.dyn        0x0000000010005818        0x0
 .rel.iplt      0x0000000010005818        0x0 /usr/lib/gcc/arm-none-eabi/10.3.1/thumb/v6-m/nofp/crtbegin.o
                0x0000000010005818                . = ALIGN (0x4)

.ram_vector_table
                0x0000000020000000       0xc0
 *(.ram_vector_table)
 .ram_vector_table
                0x0000000020000000       0xc0 CMakeFiles/four_motor_drive.dir/mnt/c/Users/Mark/Documents/pico/pico-sdk/src/rp2_common/pico_runtime/runtime.c.obj
                0x0000000020000000                ram_vector_table

.data           0x00000000200000c0      0x378 load address 0x0000000010005818
                0x00000000200000c0                __data_start__ = .
 *(vtable)
 *(.time_critical*)
 .time_critical.mutex_try_enter
                0x00000000200000c0       0x46 CMakeFiles/four_motor_drive.dir/mnt/c/Users/Mark/Documents/pico/pico-sdk/src/common/pico_sync/mutex.c.obj
                0x00000000200000c0                mutex_try_enter
 *fill*         0x0000000020000106        0x2 
 .time_critical.mutex_enter_block_until
                0x0000000020000108       0x8c CMakeFiles/four_motor_drive.dir/mnt/c/Users/Mark/Documents/pico/pico-sdk/src/common/pico_sync/mutex.c.obj
                0x0000000020000108                mutex_enter_block_until
 .time_critical.mutex_try_enter_block_until
                0x0000000020000194       0x34 CMakeFiles/four_motor_drive.dir/mnt/c/Users/Mark/Documents/pico/pico-sdk/src/common/pico_sync/mutex.c.obj
                0x0000000020000194                mutex_try_enter_block_until
 .time_critical.mutex_exit
                0x00000000200001c8       0x4c CMakeFiles/four_motor_drive.dir/mnt/c/Users/Mark/Documents/pico/pico-sdk/src/common/pico_sync/mutex.c.obj
                0x00000000200001c8                mutex_exit
 .time_critical.flash_init_boot2_copyout
                0x0000000020000214       0x30 CMakeFiles/four_motor_drive.dir/mnt/c/Users/Mark/Documents/pico/pico-sdk/src/rp2_common/hardware_flash/flash.c.obj
 .time_critical.flash_enable_xip_via_boot2
                0x0000000020000244       0x10 CMakeFiles/four_motor_drive.dir/mnt/c/Users/Mark/Documents/pico/pico-sdk/src/rp2_common/hardware_flash/flash.c.obj
 .time_critical.flash_cs_force
                0x0000000020000254       0x28 CMakeFiles/four_motor_drive.dir/mnt/c/Users/Mark/Documents/pico/pico-sdk/src/rp2_common/hardware_flash/flash.c.obj
 .time_critical.flash_do_cmd
                0x000000002000027c       0xd8 CMakeFiles/four_motor_drive.dir/mnt/c/Users/Mark/Documents/pico/pico-sdk/src/rp2_common/hardware_flash/flash.c.obj
                0x000000002000027c                flash_do_cmd
 *(.text*)
 .text          0x0000000020000354        0x4 /usr/lib/gcc/arm-none-eabi/10.3.1/thumb/v6-m/nofp/libgcc.a(_dvmd_tls.o)
                0x0000000020000354                __aeabi_ldiv0
                0x0000000020000354                __aeabi_idiv0
 .text.__stub   0x0000000020000358       0x20 linker stubs
                0x0000000020000378                . = ALIGN (0x4)
 *(.rodata*)
                0x0000000020000378                . = ALIGN (0x4)
 *(.data*)
 .data.striped_spin_lock_num
                0x0000000020000378        0x1 CMakeFiles/four_motor_drive.dir/mnt/c/Users/Mark/Documents/pico/pico-sdk/src/rp2_common/hardware_sync/sync.c.obj
 *fill*         0x0000000020000379        0x3 
 .data          0x000000002000037c       0x48 CMakeFiles/four_motor_drive.dir/mnt/c/Users/Mark/Documents/pico/pico-sdk/src/rp2_common/hardware_irq/irq_handler_chain.S.obj
                0x000000002000037c                irq_handler_chain_slots
                0x00000000200003ac                irq_handler_chain_first_slot
                0x00000000200003b6                irq_handler_chain_remove_tail
 .data.default_alarm_pool
                0x00000000200003c4       0x18 CMakeFiles/four_motor_drive.dir/mnt/c/Users/Mark/Documents/pico/pico-sdk/src/common/pico_time/time.c.obj
 .data.default_alarm_pool_heap
                0x00000000200003dc       0x10 CMakeFiles/four_motor_drive.dir/mnt/c/Users/Mark/Documents/pico/pico-sdk/src/common/pico_time/time.c.obj
 *fill*         0x00000000200003ec        0x4 
 .data.aeabi_bits_funcs
                0x00000000200003f0       0x10 CMakeFiles/four_motor_drive.dir/mnt/c/Users/Mark/Documents/pico/pico-sdk/src/rp2_common/pico_bit_ops/bit_ops_aeabi.S.obj
                0x00000000200003f0                aeabi_bits_funcs
                0x0000000020000400                aeabi_bits_funcs_end
 .data.aeabi_mem_funcs
                0x0000000020000400       0x10 CMakeFiles/four_motor_drive.dir/mnt/c/Users/Mark/Documents/pico/pico-sdk/src/rp2_common/pico_mem_ops/mem_ops_aeabi.S.obj
                0x0000000020000400                aeabi_mem_funcs
                0x0000000020000410                aeabi_mem_funcs_end
                0x0000000020000410                . = ALIGN (0x4)
 *(.after_data.*)
                0x0000000020000410                . = ALIGN (0x4)
                0x0000000020000410                PROVIDE (__mutex_array_start = .)
 *(SORT_BY_NAME(.mutex_array.*))
 *(.mutex_array)
 .mutex_array   0x0000000020000410        0x8 CMakeFiles/four_motor_drive.dir/mnt/c/Users/Mark/Documents/pico/pico-sdk/src/rp2_common/pico_malloc/pico_malloc.c.obj
 .mutex_array   0x0000000020000418        0x8 CMakeFiles/four_motor_drive.dir/mnt/c/Users/Mark/Documents/pico/pico-sdk/src/rp2_common/pico_stdio/stdio.c.obj
                0x0000000020000420                PROVIDE (__mutex_array_end = .)
                0x0000000020000420                . = ALIGN (0x4)
                0x0000000020000420                PROVIDE (__preinit_array_start = .)
 *(SORT_BY_NAME(.preinit_array.*))
 .preinit_array.00001
                0x0000000020000420        0x4 CMakeFiles/four_motor_drive.dir/mnt/c/Users/Mark/Documents/pico/pico-sdk/src/rp2_common/pico_mem_ops/mem_ops_aeabi.S.obj
 .preinit_array.00010
                0x0000000020000424        0x4 CMakeFiles/four_motor_drive.dir/mnt/c/Users/Mark/Documents/pico/pico-sdk/src/rp2_common/pico_bit_ops/bit_ops_aeabi.S.obj
 .preinit_array.00020
                0x0000000020000428        0x4 CMakeFiles/four_motor_drive.dir/mnt/c/Users/Mark/Documents/pico/pico-sdk/src/rp2_common/pico_double/double_aeabi.S.obj
 .preinit_array.00020
                0x000000002000042c        0x4 CMakeFiles/four_motor_drive.dir/mnt/c/Users/Mark/Documents/pico/pico-sdk/src/rp2_common/pico_float/float_aeabi.S.obj
 *(.preinit_array)
                0x0000000020000430                PROVIDE (__preinit_array_end = .)
                0x0000000020000430                . = ALIGN (0x4)
                0x0000000020000430                PROVIDE (__init_array_start = .)
 *(SORT_BY_NAME(.init_array.*))
 *(.init_array)
 .init_array    0x0000000020000430        0x4 /usr/lib/gcc/arm-none-eabi/10.3.1/thumb/v6-m/nofp/crtbegin.o
 .init_array    0x0000000020000434        0x4 CMakeFiles/four_motor_drive.dir/mnt/c/Users/Mark/Documents/pico/pico-sdk/src/rp2_common/pico_unique_id/unique_id.c.obj
                0x0000000020000438                PROVIDE (__init_array_end = .)
                0x0000000020000438                . = ALIGN (0x4)
                0x0000000020000438                PROVIDE (__fini_array_start = .)
 *(SORT_BY_NAME(.fini_array.*))
 *(.fini_array)
                0x0000000020000438                PROVIDE (__fini_array_end = .)
 *(.jcr)
                0x0000000020000438                . = ALIGN (0x4)
                0x0000000020000438                __data_end__ = .
                0x0000000010005818                __etext = LOADADDR (.data)

.tm_clone_table
                0x0000000020000438        0x0 load address 0x0000000010005b90
 .tm_clone_table
                0x0000000020000438        0x0 /usr/lib/gcc/arm-none-eabi/10.3.1/thumb/v6-m/nofp/crtbegin.o
 .tm_clone_table
                0x0000000020000438        0x0 /usr/lib/gcc/arm-none-eabi/10.3.1/thumb/v6-m/nofp/crtend.o

.igot.plt       0x0000000020000438        0x0 load address 0x0000000010005b90
 .igot.plt      0x0000000020000438        0x0 /usr/lib/gcc/arm-none-eabi/10.3.1/thumb/v6-m/nofp/crtbegin.o

.uninitialized_data
                0x0000000020000438        0x0 load address 0x0000000010005b90
                0x0000000020000438                . = ALIGN (0x4)
 *(.uninitialized_data*)

.scratch_x      0x0000000020040000        0x0 load address 0x0000000010005b90
                0x0000000020040000                __scratch_x_start__ = .
 *(.scratch_x.*)
                0x0000000020040000                . = ALIGN (0x4)
                0x0000000020040000                __scratch_x_end__ = .
                0x0000000010005b90                __scratch_x_source__ = LOADADDR (.scratch_x)

.scratch_y      0x0000000020041000        0x0 load address 0x0000000010005b90
                0x0000000020041000                __scratch_y_start__ = .
 *(.scratch_y.*)
                0x0000000020041000                . = ALIGN (0x4)
                0x0000000020041000                __scratch_y_end__ = .
                0x0000000010005b90                __scratch_y_source__ = LOADADDR (.scratch_y)

.bss            0x0000000020000438      0x4d0
                0x0000000020000438                . = ALIGN (0x4)
                0x0000000020000438                __bss_start__ = .
 *(SORT_BY_ALIGNMENT(SORT_BY_NAME(.bss*)))
 .bss.default_alarm_pool_entries
                0x0000000020000438      0x100 CMakeFiles/four_motor_drive.dir/mnt/c/Users/Mark/Documents/pico/pico-sdk/src/common/pico_time/time.c.obj
 .bss           0x0000000020000538       0x1c /usr/lib/gcc/arm-none-eabi/10.3.1/thumb/v6-m/nofp/crtbegin.o
 .bss.alarm_callbacks
                0x0000000020000554       0x10 CMakeFiles/four_motor_drive.dir/mnt/c/Users/Mark/Documents/pico/pico-sdk/src/rp2_common/hardware_timer/timer.c.obj
 .bss.boot2_copyout
                0x0000000020000564      0x100 CMakeFiles/four_motor_drive.dir/mnt/c/Users/Mark/Documents/pico/pico-sdk/src/rp2_common/hardware_flash/flash.c.obj
 .bss.configured_freq
                0x0000000020000664       0x28 CMakeFiles/four_motor_drive.dir/mnt/c/Users/Mark/Documents/pico/pico-sdk/src/rp2_common/hardware_clocks/clocks.c.obj
 .bss.default_alarm_pool_entry_ids_high
                0x000000002000068c       0x10 CMakeFiles/four_motor_drive.dir/mnt/c/Users/Mark/Documents/pico/pico-sdk/src/common/pico_time/time.c.obj
 .bss.default_alarm_pool_heap_nodes
                0x000000002000069c       0x30 CMakeFiles/four_motor_drive.dir/mnt/c/Users/Mark/Documents/pico/pico-sdk/src/common/pico_time/time.c.obj
 .bss.drivers   0x00000000200006cc        0x4 CMakeFiles/four_motor_drive.dir/mnt/c/Users/Mark/Documents/pico/pico-sdk/src/rp2_common/pico_stdio/stdio.c.obj
 .bss.filter    0x00000000200006d0        0x4 CMakeFiles/four_motor_drive.dir/mnt/c/Users/Mark/Documents/pico/pico-sdk/src/rp2_common/pico_stdio/stdio.c.obj
 .bss.pools     0x00000000200006d4       0x10 CMakeFiles/four_motor_drive.dir/mnt/c/Users/Mark/Documents/pico/pico-sdk/src/common/pico_time/time.c.obj
 .bss.retrieved_id
                0x00000000200006e4        0x8 CMakeFiles/four_motor_drive.dir/mnt/c/Users/Mark/Documents/pico/pico-sdk/src/rp2_common/pico_unique_id/unique_id.c.obj
 .bss.sd_table  0x00000000200006ec      0x100 CMakeFiles/four_motor_drive.dir/mnt/c/Users/Mark/Documents/pico/pico-sdk/src/rp2_common/pico_double/double_init_rom.c.obj
                0x00000000200006ec                sd_table
 .bss.sf_clz_func
                0x00000000200007ec        0x4 CMakeFiles/four_motor_drive.dir/mnt/c/Users/Mark/Documents/pico/pico-sdk/src/rp2_common/pico_double/double_init_rom.c.obj
                0x00000000200007ec                sf_clz_func
 .bss.sf_table  0x00000000200007f0      0x100 CMakeFiles/four_motor_drive.dir/mnt/c/Users/Mark/Documents/pico/pico-sdk/src/rp2_common/pico_float/float_init_rom.c.obj
                0x00000000200007f0                sf_table
 .bss.sleep_notifier
                0x00000000200008f0        0x4 CMakeFiles/four_motor_drive.dir/mnt/c/Users/Mark/Documents/pico/pico-sdk/src/common/pico_time/time.c.obj
 .bss.target_hi
                0x00000000200008f4       0x10 CMakeFiles/four_motor_drive.dir/mnt/c/Users/Mark/Documents/pico/pico-sdk/src/rp2_common/hardware_timer/timer.c.obj
 .bss.boot2_copyout_valid
                0x0000000020000904        0x1 CMakeFiles/four_motor_drive.dir/mnt/c/Users/Mark/Documents/pico/pico-sdk/src/rp2_common/hardware_flash/flash.c.obj
 .bss.claimed   0x0000000020000905        0x1 CMakeFiles/four_motor_drive.dir/mnt/c/Users/Mark/Documents/pico/pico-sdk/src/rp2_common/hardware_timer/timer.c.obj
 .bss.irq_hander_chain_free_slot_head
                0x0000000020000906        0x1 CMakeFiles/four_motor_drive.dir/mnt/c/Users/Mark/Documents/pico/pico-sdk/src/rp2_common/hardware_irq/irq.c.obj
 .bss.timer_callbacks_pending
                0x0000000020000907        0x1 CMakeFiles/four_motor_drive.dir/mnt/c/Users/Mark/Documents/pico/pico-sdk/src/rp2_common/hardware_timer/timer.c.obj
 *(COMMON)
                0x0000000020000908                . = ALIGN (0x4)
                0x0000000020000908                __bss_end__ = .

.heap           0x0000000020000908      0x800
                0x0000000020000908                __end__ = .
                0x0000000020000908                end = __end__
 *(.heap*)
 .heap          0x0000000020000908      0x800 CMakeFiles/four_motor_drive.dir/mnt/c/Users/Mark/Documents/pico/pico-sdk/src/rp2_common/pico_standard_link/crt0.S.obj
                0x0000000020001108                __HeapLimit = .

.stack1_dummy   0x0000000020040000      0x800
 *(.stack1*)
 .stack1        0x0000000020040000      0x800 CMakeFiles/four_motor_drive.dir/mnt/c/Users/Mark/Documents/pico/pico-sdk/src/rp2_common/pico_multicore/multicore.c.obj

.stack_dummy    0x0000000020041000      0x800
 *(.stack*)
 .stack         0x0000000020041000      0x800 CMakeFiles/four_motor_drive.dir/mnt/c/Users/Mark/Documents/pico/pico-sdk/src/rp2_common/pico_standard_link/crt0.S.obj

.flash_end      0x0000000010005b90        0x0
                0x0000000010005b90                PROVIDE (__flash_binary_end = .)
                0x0000000020040000                __StackLimit = (ORIGIN (RAM) + LENGTH (RAM))
                0x0000000020041000                __StackOneTop = (ORIGIN (SCRATCH_X) + LENGTH (SCRATCH_X))
                0x0000000020042000                __StackTop = (ORIGIN (SCRATCH_Y) + LENGTH (SCRATCH_Y))
                0x0000000020040800                __StackOneBottom = (__StackOneTop - SIZEOF (.stack1_dummy))
                0x0000000020041800                __StackBottom = (__StackTop - SIZEOF (.stack_dummy))
                0x0000000020042000                PROVIDE (__stack = __StackTop)
                0x0000000000000001                ASSERT ((__StackLimit >= __HeapLimit), region RAM overflowed)
                0x0000000000000001                ASSERT (((__binary_info_header_end - __logical_binary_start) <= 0x100), Binary info must be in first 256 bytes of the binary)
LOAD CMakeFiles/four_motor_drive.dir/four_motor_drive.c.obj
LOAD CMakeFiles/four_motor_drive.dir/mnt/c/Users/Mark/Documents/pico/pico-sdk/src/rp2_common/pico_stdlib/stdlib.c.obj
LOAD CMakeFiles/four_motor_drive.dir/mnt/c/Users/Mark/Documents/pico/pico-sdk/src/rp2_common/hardware_gpio/gpio.c.obj
LOAD CMakeFiles/four_motor_drive.dir/mnt/c/Users/Mark/Documents/pico/pico-sdk/src/rp2_common/pico_platform/platform.c.obj
LOAD CMakeFiles/four_motor_drive.dir/mnt/c/Users/Mark/Documents/pico/pico-sdk/src/rp2_common/hardware_claim/claim.c.obj
LOAD CMakeFiles/four_motor_drive.dir/mnt/c/Users/Mark/Documents/pico/pico-sdk/src/rp2_common/hardware_sync/sync.c.obj
LOAD CMakeFiles/four_motor_drive.dir/mnt/c/Users/Mark/Documents/pico/pico-sdk/src/rp2_common/hardware_irq/irq.c.obj
LOAD CMakeFiles/four_motor_drive.dir/mnt/c/Users/Mark/Documents/pico/pico-sdk/src/rp2_common/hardware_irq/irq_handler_chain.S.obj
LOAD CMakeFiles/four_motor_drive.dir/mnt/c/Users/Mark/Documents/pico/pico-sdk/src/common/pico_sync/sem.c.obj
LOAD CMakeFiles/four_motor_drive.dir/mnt/c/Users/Mark/Documents/pico/pico-sdk/src/common/pico_sync/lock_core.c.obj
LOAD CMakeFiles/four_motor_drive.dir/mnt/c/Users/Mark/Documents/pico/pico-sdk/src/common/pico_sync/mutex.c.obj
LOAD CMakeFiles/four_motor_drive.dir/mnt/c/Users/Mark/Documents/pico/pico-sdk/src/common/pico_sync/critical_section.c.obj
LOAD CMakeFiles/four_motor_drive.dir/mnt/c/Users/Mark/Documents/pico/pico-sdk/src/common/pico_time/time.c.obj
LOAD CMakeFiles/four_motor_drive.dir/mnt/c/Users/Mark/Documents/pico/pico-sdk/src/common/pico_time/timeout_helper.c.obj
LOAD CMakeFiles/four_motor_drive.dir/mnt/c/Users/Mark/Documents/pico/pico-sdk/src/rp2_common/hardware_timer/timer.c.obj
LOAD CMakeFiles/four_motor_drive.dir/mnt/c/Users/Mark/Documents/pico/pico-sdk/src/common/pico_util/datetime.c.obj
LOAD CMakeFiles/four_motor_drive.dir/mnt/c/Users/Mark/Documents/pico/pico-sdk/src/common/pico_util/pheap.c.obj
LOAD CMakeFiles/four_motor_drive.dir/mnt/c/Users/Mark/Documents/pico/pico-sdk/src/common/pico_util/queue.c.obj
LOAD CMakeFiles/four_motor_drive.dir/mnt/c/Users/Mark/Documents/pico/pico-sdk/src/rp2_common/hardware_uart/uart.c.obj
LOAD CMakeFiles/four_motor_drive.dir/mnt/c/Users/Mark/Documents/pico/pico-sdk/src/rp2_common/hardware_clocks/clocks.c.obj
LOAD CMakeFiles/four_motor_drive.dir/mnt/c/Users/Mark/Documents/pico/pico-sdk/src/rp2_common/hardware_pll/pll.c.obj
LOAD CMakeFiles/four_motor_drive.dir/mnt/c/Users/Mark/Documents/pico/pico-sdk/src/rp2_common/hardware_vreg/vreg.c.obj
LOAD CMakeFiles/four_motor_drive.dir/mnt/c/Users/Mark/Documents/pico/pico-sdk/src/rp2_common/hardware_watchdog/watchdog.c.obj
LOAD CMakeFiles/four_motor_drive.dir/mnt/c/Users/Mark/Documents/pico/pico-sdk/src/rp2_common/hardware_xosc/xosc.c.obj
LOAD CMakeFiles/four_motor_drive.dir/mnt/c/Users/Mark/Documents/pico/pico-sdk/src/rp2_common/hardware_divider/divider.S.obj
LOAD CMakeFiles/four_motor_drive.dir/mnt/c/Users/Mark/Documents/pico/pico-sdk/src/rp2_common/pico_runtime/runtime.c.obj
LOAD CMakeFiles/four_motor_drive.dir/mnt/c/Users/Mark/Documents/pico/pico-sdk/src/rp2_common/pico_printf/printf.c.obj
LOAD CMakeFiles/four_motor_drive.dir/mnt/c/Users/Mark/Documents/pico/pico-sdk/src/rp2_common/pico_bit_ops/bit_ops_aeabi.S.obj
LOAD CMakeFiles/four_motor_drive.dir/mnt/c/Users/Mark/Documents/pico/pico-sdk/src/rp2_common/pico_bootrom/bootrom.c.obj
LOAD CMakeFiles/four_motor_drive.dir/mnt/c/Users/Mark/Documents/pico/pico-sdk/src/rp2_common/pico_divider/divider.S.obj
LOAD CMakeFiles/four_motor_drive.dir/mnt/c/Users/Mark/Documents/pico/pico-sdk/src/rp2_common/pico_double/double_aeabi.S.obj
LOAD CMakeFiles/four_motor_drive.dir/mnt/c/Users/Mark/Documents/pico/pico-sdk/src/rp2_common/pico_double/double_init_rom.c.obj
LOAD CMakeFiles/four_motor_drive.dir/mnt/c/Users/Mark/Documents/pico/pico-sdk/src/rp2_common/pico_double/double_math.c.obj
LOAD CMakeFiles/four_motor_drive.dir/mnt/c/Users/Mark/Documents/pico/pico-sdk/src/rp2_common/pico_double/double_v1_rom_shim.S.obj
LOAD CMakeFiles/four_motor_drive.dir/mnt/c/Users/Mark/Documents/pico/pico-sdk/src/rp2_common/pico_int64_ops/pico_int64_ops_aeabi.S.obj
LOAD CMakeFiles/four_motor_drive.dir/mnt/c/Users/Mark/Documents/pico/pico-sdk/src/rp2_common/pico_float/float_aeabi.S.obj
LOAD CMakeFiles/four_motor_drive.dir/mnt/c/Users/Mark/Documents/pico/pico-sdk/src/rp2_common/pico_float/float_init_rom.c.obj
LOAD CMakeFiles/four_motor_drive.dir/mnt/c/Users/Mark/Documents/pico/pico-sdk/src/rp2_common/pico_float/float_math.c.obj
LOAD CMakeFiles/four_motor_drive.dir/mnt/c/Users/Mark/Documents/pico/pico-sdk/src/rp2_common/pico_float/float_v1_rom_shim.S.obj
LOAD CMakeFiles/four_motor_drive.dir/mnt/c/Users/Mark/Documents/pico/pico-sdk/src/rp2_common/pico_malloc/pico_malloc.c.obj
LOAD CMakeFiles/four_motor_drive.dir/mnt/c/Users/Mark/Documents/pico/pico-sdk/src/rp2_common/pico_mem_ops/mem_ops_aeabi.S.obj
LOAD CMakeFiles/four_motor_drive.dir/mnt/c/Users/Mark/Documents/pico/pico-sdk/src/rp2_common/pico_standard_link/crt0.S.obj
LOAD CMakeFiles/four_motor_drive.dir/mnt/c/Users/Mark/Documents/pico/pico-sdk/src/rp2_common/pico_standard_link/new_delete.cpp.obj
LOAD CMakeFiles/four_motor_drive.dir/mnt/c/Users/Mark/Documents/pico/pico-sdk/src/rp2_common/pico_standard_link/binary_info.c.obj
LOAD CMakeFiles/four_motor_drive.dir/mnt/c/Users/Mark/Documents/pico/pico-sdk/src/rp2_common/pico_stdio/stdio.c.obj
LOAD CMakeFiles/four_motor_drive.dir/mnt/c/Users/Mark/Documents/pico/pico-sdk/src/rp2_common/pico_stdio_uart/stdio_uart.c.obj
LOAD CMakeFiles/four_motor_drive.dir/mnt/c/Users/Mark/Documents/pico/pico-sdk/src/rp2_common/pico_stdio_usb/reset_interface.c.obj
LOAD CMakeFiles/four_motor_drive.dir/mnt/c/Users/Mark/Documents/pico/pico-sdk/src/rp2_common/pico_stdio_usb/stdio_usb.c.obj
LOAD CMakeFiles/four_motor_drive.dir/mnt/c/Users/Mark/Documents/pico/pico-sdk/src/rp2_common/pico_stdio_usb/stdio_usb_descriptors.c.obj
LOAD CMakeFiles/four_motor_drive.dir/mnt/c/Users/Mark/Documents/pico/pico-sdk/src/rp2_common/pico_unique_id/unique_id.c.obj
LOAD CMakeFiles/four_motor_drive.dir/mnt/c/Users/Mark/Documents/pico/pico-sdk/src/rp2_common/hardware_flash/flash.c.obj
LOAD CMakeFiles/four_motor_drive.dir/mnt/c/Users/Mark/Documents/pico/pico-sdk/lib/tinyusb/src/portable/raspberrypi/rp2040/dcd_rp2040.c.obj
LOAD CMakeFiles/four_motor_drive.dir/mnt/c/Users/Mark/Documents/pico/pico-sdk/lib/tinyusb/src/portable/raspberrypi/rp2040/rp2040_usb.c.obj
LOAD CMakeFiles/four_motor_drive.dir/mnt/c/Users/Mark/Documents/pico/pico-sdk/lib/tinyusb/src/device/usbd.c.obj
LOAD CMakeFiles/four_motor_drive.dir/mnt/c/Users/Mark/Documents/pico/pico-sdk/lib/tinyusb/src/device/usbd_control.c.obj
LOAD CMakeFiles/four_motor_drive.dir/mnt/c/Users/Mark/Documents/pico/pico-sdk/lib/tinyusb/src/class/audio/audio_device.c.obj
LOAD CMakeFiles/four_motor_drive.dir/mnt/c/Users/Mark/Documents/pico/pico-sdk/lib/tinyusb/src/class/cdc/cdc_device.c.obj
LOAD CMakeFiles/four_motor_drive.dir/mnt/c/Users/Mark/Documents/pico/pico-sdk/lib/tinyusb/src/class/dfu/dfu_device.c.obj
LOAD CMakeFiles/four_motor_drive.dir/mnt/c/Users/Mark/Documents/pico/pico-sdk/lib/tinyusb/src/class/dfu/dfu_rt_device.c.obj
LOAD CMakeFiles/four_motor_drive.dir/mnt/c/Users/Mark/Documents/pico/pico-sdk/lib/tinyusb/src/class/hid/hid_device.c.obj
LOAD CMakeFiles/four_motor_drive.dir/mnt/c/Users/Mark/Documents/pico/pico-sdk/lib/tinyusb/src/class/midi/midi_device.c.obj
LOAD CMakeFiles/four_motor_drive.dir/mnt/c/Users/Mark/Documents/pico/pico-sdk/lib/tinyusb/src/class/msc/msc_device.c.obj
LOAD CMakeFiles/four_motor_drive.dir/mnt/c/Users/Mark/Documents/pico/pico-sdk/lib/tinyusb/src/class/net/ecm_rndis_device.c.obj
LOAD CMakeFiles/four_motor_drive.dir/mnt/c/Users/Mark/Documents/pico/pico-sdk/lib/tinyusb/src/class/net/ncm_device.c.obj
LOAD CMakeFiles/four_motor_drive.dir/mnt/c/Users/Mark/Documents/pico/pico-sdk/lib/tinyusb/src/class/usbtmc/usbtmc_device.c.obj
LOAD CMakeFiles/four_motor_drive.dir/mnt/c/Users/Mark/Documents/pico/pico-sdk/lib/tinyusb/src/class/vendor/vendor_device.c.obj
LOAD CMakeFiles/four_motor_drive.dir/mnt/c/Users/Mark/Documents/pico/pico-sdk/lib/tinyusb/src/class/video/video_device.c.obj
LOAD CMakeFiles/four_motor_drive.dir/mnt/c/Users/Mark/Documents/pico/pico-sdk/lib/tinyusb/src/tusb.c.obj
LOAD CMakeFiles/four_motor_drive.dir/mnt/c/Users/Mark/Documents/pico/pico-sdk/lib/tinyusb/src/common/tusb_fifo.c.obj
LOAD CMakeFiles/four_motor_drive.dir/mnt/c/Users/Mark/Documents/pico/pico-sdk/src/rp2_common/pico_fix/rp2040_usb_device_enumeration/rp2040_usb_device_enumeration.c.obj
LOAD CMakeFiles/four_motor_drive.dir/mnt/c/Users/Mark/Documents/pico/pico-sdk/src/rp2_common/pico_multicore/multicore.c.obj
LOAD CMakeFiles/four_motor_drive.dir/mnt/c/Users/Mark/Documents/pico/pico-sdk/src/rp2_common/hardware_pio/pio.c.obj
LOAD /tmp/ccSsS9ql.o
LOAD /usr/lib/gcc/arm-none-eabi/10.3.1/../../../arm-none-eabi/lib/thumb/v6-m/nofp/libstdc++.a
LOAD /usr/lib/gcc/arm-none-eabi/10.3.1/../../../arm-none-eabi/lib/thumb/v6-m/nofp/libm.a
START GROUP
LOAD /usr/lib/gcc/arm-none-eabi/10.3.1/thumb/v6-m/nofp/libgcc.a
LOAD /usr/lib/gcc/arm-none-eabi/10.3.1/../../../arm-none-eabi/lib/thumb/v6-m/nofp/libg.a
LOAD /usr/lib/gcc/arm-none-eabi/10.3.1/../../../arm-none-eabi/lib/thumb/v6-m/nofp/libc.a
END GROUP
START GROUP
LOAD /usr/lib/gcc/arm-none-eabi/10.3.1/thumb/v6-m/nofp/libgcc.a
LOAD /usr/lib/gcc/arm-none-eabi/10.3.1/../../../arm-none-eabi/lib/thumb/v6-m/nofp/libc.a
LOAD /usr/lib/gcc/arm-none-eabi/10.3.1/../../../arm-none-eabi/lib/thumb/v6-m/nofp/libnosys.a
END GROUP
LOAD /usr/lib/gcc/arm-none-eabi/10.3.1/thumb/v6-m/nofp/crtend.o
LOAD /usr/lib/gcc/arm-none-eabi/10.3.1/thumb/v6-m/nofp/crtn.o
OUTPUT(four_motor_drive.elf elf32-littlearm)
LOAD linker stubs

.ARM.attributes
                0x0000000000000000       0x28
 .ARM.attributes
                0x0000000000000000       0x1e /usr/lib/gcc/arm-none-eabi/10.3.1/thumb/v6-m/nofp/crti.o
 .ARM.attributes
                0x000000000000001e       0x2c /usr/lib/gcc/arm-none-eabi/10.3.1/thumb/v6-m/nofp/crtbegin.o
 .ARM.attributes
                0x000000000000004a       0x2c CMakeFiles/four_motor_drive.dir/four_motor_drive.c.obj
 .ARM.attributes
                0x0000000000000076       0x2c CMakeFiles/four_motor_drive.dir/mnt/c/Users/Mark/Documents/pico/pico-sdk/src/rp2_common/hardware_gpio/gpio.c.obj
 .ARM.attributes
                0x00000000000000a2       0x2c CMakeFiles/four_motor_drive.dir/mnt/c/Users/Mark/Documents/pico/pico-sdk/src/rp2_common/pico_platform/platform.c.obj
 .ARM.attributes
                0x00000000000000ce       0x2c CMakeFiles/four_motor_drive.dir/mnt/c/Users/Mark/Documents/pico/pico-sdk/src/rp2_common/hardware_claim/claim.c.obj
 .ARM.attributes
                0x00000000000000fa       0x2c CMakeFiles/four_motor_drive.dir/mnt/c/Users/Mark/Documents/pico/pico-sdk/src/rp2_common/hardware_sync/sync.c.obj
 .ARM.attributes
                0x0000000000000126       0x2c CMakeFiles/four_motor_drive.dir/mnt/c/Users/Mark/Documents/pico/pico-sdk/src/rp2_common/hardware_irq/irq.c.obj
 .ARM.attributes
                0x0000000000000152       0x22 CMakeFiles/four_motor_drive.dir/mnt/c/Users/Mark/Documents/pico/pico-sdk/src/rp2_common/hardware_irq/irq_handler_chain.S.obj
 .ARM.attributes
                0x0000000000000174       0x2c CMakeFiles/four_motor_drive.dir/mnt/c/Users/Mark/Documents/pico/pico-sdk/src/common/pico_sync/lock_core.c.obj
 .ARM.attributes
                0x00000000000001a0       0x2c CMakeFiles/four_motor_drive.dir/mnt/c/Users/Mark/Documents/pico/pico-sdk/src/common/pico_sync/mutex.c.obj
 .ARM.attributes
                0x00000000000001cc       0x2c CMakeFiles/four_motor_drive.dir/mnt/c/Users/Mark/Documents/pico/pico-sdk/src/common/pico_time/time.c.obj
 .ARM.attributes
                0x00000000000001f8       0x2c CMakeFiles/four_motor_drive.dir/mnt/c/Users/Mark/Documents/pico/pico-sdk/src/rp2_common/hardware_timer/timer.c.obj
 .ARM.attributes
                0x0000000000000224       0x2c CMakeFiles/four_motor_drive.dir/mnt/c/Users/Mark/Documents/pico/pico-sdk/src/common/pico_util/pheap.c.obj
 .ARM.attributes
                0x0000000000000250       0x2c CMakeFiles/four_motor_drive.dir/mnt/c/Users/Mark/Documents/pico/pico-sdk/src/rp2_common/hardware_clocks/clocks.c.obj
 .ARM.attributes
                0x000000000000027c       0x2c CMakeFiles/four_motor_drive.dir/mnt/c/Users/Mark/Documents/pico/pico-sdk/src/rp2_common/hardware_pll/pll.c.obj
 .ARM.attributes
                0x00000000000002a8       0x2c CMakeFiles/four_motor_drive.dir/mnt/c/Users/Mark/Documents/pico/pico-sdk/src/rp2_common/hardware_watchdog/watchdog.c.obj
 .ARM.attributes
                0x00000000000002d4       0x2c CMakeFiles/four_motor_drive.dir/mnt/c/Users/Mark/Documents/pico/pico-sdk/src/rp2_common/hardware_xosc/xosc.c.obj
 .ARM.attributes
                0x0000000000000300       0x2c CMakeFiles/four_motor_drive.dir/mnt/c/Users/Mark/Documents/pico/pico-sdk/src/rp2_common/pico_runtime/runtime.c.obj
 .ARM.attributes
                0x000000000000032c       0x2c CMakeFiles/four_motor_drive.dir/mnt/c/Users/Mark/Documents/pico/pico-sdk/src/rp2_common/pico_printf/printf.c.obj
 .ARM.attributes
                0x0000000000000358       0x22 CMakeFiles/four_motor_drive.dir/mnt/c/Users/Mark/Documents/pico/pico-sdk/src/rp2_common/pico_bit_ops/bit_ops_aeabi.S.obj
 .ARM.attributes
                0x000000000000037a       0x2c CMakeFiles/four_motor_drive.dir/mnt/c/Users/Mark/Documents/pico/pico-sdk/src/rp2_common/pico_bootrom/bootrom.c.obj
 .ARM.attributes
                0x00000000000003a6       0x22 CMakeFiles/four_motor_drive.dir/mnt/c/Users/Mark/Documents/pico/pico-sdk/src/rp2_common/pico_divider/divider.S.obj
 .ARM.attributes
                0x00000000000003c8       0x22 CMakeFiles/four_motor_drive.dir/mnt/c/Users/Mark/Documents/pico/pico-sdk/src/rp2_common/pico_double/double_aeabi.S.obj
 .ARM.attributes
                0x00000000000003ea       0x2c CMakeFiles/four_motor_drive.dir/mnt/c/Users/Mark/Documents/pico/pico-sdk/src/rp2_common/pico_double/double_init_rom.c.obj
 .ARM.attributes
                0x0000000000000416       0x22 CMakeFiles/four_motor_drive.dir/mnt/c/Users/Mark/Documents/pico/pico-sdk/src/rp2_common/pico_double/double_v1_rom_shim.S.obj
 .ARM.attributes
                0x0000000000000438       0x22 CMakeFiles/four_motor_drive.dir/mnt/c/Users/Mark/Documents/pico/pico-sdk/src/rp2_common/pico_int64_ops/pico_int64_ops_aeabi.S.obj
 .ARM.attributes
                0x000000000000045a       0x22 CMakeFiles/four_motor_drive.dir/mnt/c/Users/Mark/Documents/pico/pico-sdk/src/rp2_common/pico_float/float_aeabi.S.obj
 .ARM.attributes
                0x000000000000047c       0x2c CMakeFiles/four_motor_drive.dir/mnt/c/Users/Mark/Documents/pico/pico-sdk/src/rp2_common/pico_float/float_init_rom.c.obj
 .ARM.attributes
                0x00000000000004a8       0x22 CMakeFiles/four_motor_drive.dir/mnt/c/Users/Mark/Documents/pico/pico-sdk/src/rp2_common/pico_float/float_v1_rom_shim.S.obj
 .ARM.attributes
                0x00000000000004ca       0x2c CMakeFiles/four_motor_drive.dir/mnt/c/Users/Mark/Documents/pico/pico-sdk/src/rp2_common/pico_malloc/pico_malloc.c.obj
 .ARM.attributes
                0x00000000000004f6       0x22 CMakeFiles/four_motor_drive.dir/mnt/c/Users/Mark/Documents/pico/pico-sdk/src/rp2_common/pico_mem_ops/mem_ops_aeabi.S.obj
 .ARM.attributes
                0x0000000000000518       0x22 CMakeFiles/four_motor_drive.dir/mnt/c/Users/Mark/Documents/pico/pico-sdk/src/rp2_common/pico_standard_link/crt0.S.obj
 .ARM.attributes
                0x000000000000053a       0x32 CMakeFiles/four_motor_drive.dir/mnt/c/Users/Mark/Documents/pico/pico-sdk/src/rp2_common/pico_standard_link/binary_info.c.obj
 .ARM.attributes
                0x000000000000056c       0x2c CMakeFiles/four_motor_drive.dir/mnt/c/Users/Mark/Documents/pico/pico-sdk/src/rp2_common/pico_stdio/stdio.c.obj
 .ARM.attributes
                0x0000000000000598       0x2c CMakeFiles/four_motor_drive.dir/mnt/c/Users/Mark/Documents/pico/pico-sdk/src/rp2_common/pico_unique_id/unique_id.c.obj
 .ARM.attributes
                0x00000000000005c4       0x2c CMakeFiles/four_motor_drive.dir/mnt/c/Users/Mark/Documents/pico/pico-sdk/src/rp2_common/hardware_flash/flash.c.obj
 .ARM.attributes
                0x00000000000005f0       0x2c CMakeFiles/four_motor_drive.dir/mnt/c/Users/Mark/Documents/pico/pico-sdk/src/rp2_common/pico_multicore/multicore.c.obj
 .ARM.attributes
                0x000000000000061c       0x22 /tmp/ccSsS9ql.o
 .ARM.attributes
                0x000000000000063e       0x1e /usr/lib/gcc/arm-none-eabi/10.3.1/thumb/v6-m/nofp/libgcc.a(_dvmd_tls.o)
 .ARM.attributes
                0x000000000000065c       0x2c /usr/lib/gcc/arm-none-eabi/10.3.1/../../../arm-none-eabi/lib/thumb/v6-m/nofp/libg.a(lib_a-strlen-stub.o)
 .ARM.attributes
                0x0000000000000688       0x2c /usr/lib/gcc/arm-none-eabi/10.3.1/thumb/v6-m/nofp/crtend.o

.comment        0x0000000000000000       0x33
 .comment       0x0000000000000000       0x33 /usr/lib/gcc/arm-none-eabi/10.3.1/thumb/v6-m/nofp/crtbegin.o
                                         0x34 (size before relaxing)
 .comment       0x0000000000000033       0x34 CMakeFiles/four_motor_drive.dir/four_motor_drive.c.obj
 .comment       0x0000000000000033       0x34 CMakeFiles/four_motor_drive.dir/mnt/c/Users/Mark/Documents/pico/pico-sdk/src/rp2_common/hardware_gpio/gpio.c.obj
 .comment       0x0000000000000033       0x34 CMakeFiles/four_motor_drive.dir/mnt/c/Users/Mark/Documents/pico/pico-sdk/src/rp2_common/pico_platform/platform.c.obj
 .comment       0x0000000000000033       0x34 CMakeFiles/four_motor_drive.dir/mnt/c/Users/Mark/Documents/pico/pico-sdk/src/rp2_common/hardware_claim/claim.c.obj
 .comment       0x0000000000000033       0x34 CMakeFiles/four_motor_drive.dir/mnt/c/Users/Mark/Documents/pico/pico-sdk/src/rp2_common/hardware_sync/sync.c.obj
 .comment       0x0000000000000033       0x34 CMakeFiles/four_motor_drive.dir/mnt/c/Users/Mark/Documents/pico/pico-sdk/src/rp2_common/hardware_irq/irq.c.obj
 .comment       0x0000000000000033       0x34 CMakeFiles/four_motor_drive.dir/mnt/c/Users/Mark/Documents/pico/pico-sdk/src/common/pico_sync/lock_core.c.obj
 .comment       0x0000000000000033       0x34 CMakeFiles/four_motor_drive.dir/mnt/c/Users/Mark/Documents/pico/pico-sdk/src/common/pico_sync/mutex.c.obj
 .comment       0x0000000000000033       0x34 CMakeFiles/four_motor_drive.dir/mnt/c/Users/Mark/Documents/pico/pico-sdk/src/common/pico_time/time.c.obj
 .comment       0x0000000000000033       0x34 CMakeFiles/four_motor_drive.dir/mnt/c/Users/Mark/Documents/pico/pico-sdk/src/rp2_common/hardware_timer/timer.c.obj
 .comment       0x0000000000000033       0x34 CMakeFiles/four_motor_drive.dir/mnt/c/Users/Mark/Documents/pico/pico-sdk/src/common/pico_util/pheap.c.obj
 .comment       0x0000000000000033       0x34 CMakeFiles/four_motor_drive.dir/mnt/c/Users/Mark/Documents/pico/pico-sdk/src/rp2_common/hardware_clocks/clocks.c.obj
 .comment       0x0000000000000033       0x34 CMakeFiles/four_motor_drive.dir/mnt/c/Users/Mark/Documents/pico/pico-sdk/src/rp2_common/hardware_pll/pll.c.obj
 .comment       0x0000000000000033       0x34 CMakeFiles/four_motor_drive.dir/mnt/c/Users/Mark/Documents/pico/pico-sdk/src/rp2_common/hardware_watchdog/watchdog.c.obj
 .comment       0x0000000000000033       0x34 CMakeFiles/four_motor_drive.dir/mnt/c/Users/Mark/Documents/pico/pico-sdk/src/rp2_common/hardware_xosc/xosc.c.obj
 .comment       0x0000000000000033       0x34 CMakeFiles/four_motor_drive.dir/mnt/c/Users/Mark/Documents/pico/pico-sdk/src/rp2_common/pico_runtime/runtime.c.obj
 .comment       0x0000000000000033       0x34 CMakeFiles/four_motor_drive.dir/mnt/c/Users/Mark/Documents/pico/pico-sdk/src/rp2_common/pico_printf/printf.c.obj
 .comment       0x0000000000000033       0x34 CMakeFiles/four_motor_drive.dir/mnt/c/Users/Mark/Documents/pico/pico-sdk/src/rp2_common/pico_bootrom/bootrom.c.obj
 .comment       0x0000000000000033       0x34 CMakeFiles/four_motor_drive.dir/mnt/c/Users/Mark/Documents/pico/pico-sdk/src/rp2_common/pico_double/double_init_rom.c.obj
 .comment       0x0000000000000033       0x34 CMakeFiles/four_motor_drive.dir/mnt/c/Users/Mark/Documents/pico/pico-sdk/src/rp2_common/pico_float/float_init_rom.c.obj
 .comment       0x0000000000000033       0x34 CMakeFiles/four_motor_drive.dir/mnt/c/Users/Mark/Documents/pico/pico-sdk/src/rp2_common/pico_malloc/pico_malloc.c.obj
 .comment       0x0000000000000033       0x34 CMakeFiles/four_motor_drive.dir/mnt/c/Users/Mark/Documents/pico/pico-sdk/src/rp2_common/pico_standard_link/binary_info.c.obj
 .comment       0x0000000000000033       0x34 CMakeFiles/four_motor_drive.dir/mnt/c/Users/Mark/Documents/pico/pico-sdk/src/rp2_common/pico_stdio/stdio.c.obj
 .comment       0x0000000000000033       0x34 CMakeFiles/four_motor_drive.dir/mnt/c/Users/Mark/Documents/pico/pico-sdk/src/rp2_common/pico_unique_id/unique_id.c.obj
 .comment       0x0000000000000033       0x34 CMakeFiles/four_motor_drive.dir/mnt/c/Users/Mark/Documents/pico/pico-sdk/src/rp2_common/hardware_flash/flash.c.obj
 .comment       0x0000000000000033       0x34 CMakeFiles/four_motor_drive.dir/mnt/c/Users/Mark/Documents/pico/pico-sdk/src/rp2_common/pico_multicore/multicore.c.obj
 .comment       0x0000000000000033       0x34 /usr/lib/gcc/arm-none-eabi/10.3.1/../../../arm-none-eabi/lib/thumb/v6-m/nofp/libg.a(lib_a-strlen-stub.o)
 .comment       0x0000000000000033       0x34 /usr/lib/gcc/arm-none-eabi/10.3.1/thumb/v6-m/nofp/crtend.o

.debug_info     0x0000000000000000    0x17fe1
 .debug_info    0x0000000000000000     0x172b CMakeFiles/four_motor_drive.dir/four_motor_drive.c.obj
 .debug_info    0x000000000000172b     0x185a CMakeFiles/four_motor_drive.dir/mnt/c/Users/Mark/Documents/pico/pico-sdk/src/rp2_common/hardware_gpio/gpio.c.obj
 .debug_info    0x0000000000002f85      0x1cb CMakeFiles/four_motor_drive.dir/mnt/c/Users/Mark/Documents/pico/pico-sdk/src/rp2_common/pico_platform/platform.c.obj
 .debug_info    0x0000000000003150      0x6a6 CMakeFiles/four_motor_drive.dir/mnt/c/Users/Mark/Documents/pico/pico-sdk/src/rp2_common/hardware_claim/claim.c.obj
 .debug_info    0x00000000000037f6      0x576 CMakeFiles/four_motor_drive.dir/mnt/c/Users/Mark/Documents/pico/pico-sdk/src/rp2_common/hardware_sync/sync.c.obj
 .debug_info    0x0000000000003d6c     0x1c56 CMakeFiles/four_motor_drive.dir/mnt/c/Users/Mark/Documents/pico/pico-sdk/src/rp2_common/hardware_irq/irq.c.obj
 .debug_info    0x00000000000059c2      0x198 CMakeFiles/four_motor_drive.dir/mnt/c/Users/Mark/Documents/pico/pico-sdk/src/common/pico_sync/lock_core.c.obj
 .debug_info    0x0000000000005b5a     0x2099 CMakeFiles/four_motor_drive.dir/mnt/c/Users/Mark/Documents/pico/pico-sdk/src/common/pico_sync/mutex.c.obj
 .debug_info    0x0000000000007bf3     0x402c CMakeFiles/four_motor_drive.dir/mnt/c/Users/Mark/Documents/pico/pico-sdk/src/common/pico_time/time.c.obj
 .debug_info    0x000000000000bc1f     0x13b4 CMakeFiles/four_motor_drive.dir/mnt/c/Users/Mark/Documents/pico/pico-sdk/src/rp2_common/hardware_timer/timer.c.obj
 .debug_info    0x000000000000cfd3     0x123b CMakeFiles/four_motor_drive.dir/mnt/c/Users/Mark/Documents/pico/pico-sdk/src/common/pico_util/pheap.c.obj
 .debug_info    0x000000000000e20e      0xf9f CMakeFiles/four_motor_drive.dir/mnt/c/Users/Mark/Documents/pico/pico-sdk/src/rp2_common/hardware_clocks/clocks.c.obj
 .debug_info    0x000000000000f1ad      0x503 CMakeFiles/four_motor_drive.dir/mnt/c/Users/Mark/Documents/pico/pico-sdk/src/rp2_common/hardware_pll/pll.c.obj
 .debug_info    0x000000000000f6b0      0x4ee CMakeFiles/four_motor_drive.dir/mnt/c/Users/Mark/Documents/pico/pico-sdk/src/rp2_common/hardware_watchdog/watchdog.c.obj
 .debug_info    0x000000000000fb9e      0x1c0 CMakeFiles/four_motor_drive.dir/mnt/c/Users/Mark/Documents/pico/pico-sdk/src/rp2_common/hardware_xosc/xosc.c.obj
 .debug_info    0x000000000000fd5e     0x1053 CMakeFiles/four_motor_drive.dir/mnt/c/Users/Mark/Documents/pico/pico-sdk/src/rp2_common/pico_runtime/runtime.c.obj
 .debug_info    0x0000000000010db1     0x1a47 CMakeFiles/four_motor_drive.dir/mnt/c/Users/Mark/Documents/pico/pico-sdk/src/rp2_common/pico_printf/printf.c.obj